Archive member included because of file (symbol)

sw/osal_hal/liboal_hal.a(hal_uart.o)
                              out/Adu/obj/sw/osal_hal/test/libxml_test.o (init_uart)
sw/osal_hal/liboal_hal.a(led_uart.o)
                              out/Adu/obj/sw/osal_hal/test/libxml_test.o (send_led_uart_data)
lib/libxml2.a(parser.o)       out/Adu/obj/sw/osal_hal/test/libxml_test.o (xmlCleanupParser)
lib/libxml2.a(tree.o)         lib/libxml2.a(parser.o) (xmlBuildQName)
lib/libxml2.a(hash.o)         lib/libxml2.a(parser.o) (xmlHashCreateDict)
lib/libxml2.a(xmlIO.o)        lib/libxml2.a(parser.o) (xmlCleanupInputCallbacks)
lib/libxml2.a(xmlmemory.o)    lib/libxml2.a(parser.o) (xmlInitMemory)
lib/libxml2.a(uri.o)          lib/libxml2.a(parser.o) (xmlFreeURI)
lib/libxml2.a(valid.o)        lib/libxml2.a(parser.o) (xmlNewDocElementContent)
lib/libxml2.a(HTMLparser.o)   lib/libxml2.a(parser.o) (htmlInitAutoClose)
lib/libxml2.a(HTMLtree.o)     lib/libxml2.a(HTMLparser.o) (htmlIsBooleanAttr)
lib/libxml2.a(xpath.o)        lib/libxml2.a(parser.o) (xmlXPathInit)
lib/libxml2.a(xpointer.o)     lib/libxml2.a(xpath.o) (xmlXPtrNewRange)
lib/libxml2.a(nanohttp.o)     lib/libxml2.a(xmlIO.o) (xmlNanoHTTPRead)
lib/libxml2.a(nanoftp.o)      lib/libxml2.a(xmlIO.o) (xmlNanoFTPRead)
lib/libxml2.a(catalog.o)      lib/libxml2.a(parser.o) (xmlCatalogCleanup)
lib/libxml2.a(globals.o)      lib/libxml2.a(parser.o) (xmlInitGlobals)
lib/libxml2.a(threads.o)      lib/libxml2.a(xmlmemory.o) (xmlNewMutex)
lib/libxml2.a(xmlstring.o)    lib/libxml2.a(parser.o) (xmlStrndup)
lib/libxml2.a(xmlregexp.o)    lib/libxml2.a(valid.o) (xmlRegNewExecCtxt)
lib/libxml2.a(xmlschemastypes.o)
                              lib/libxml2.a(parser.o) (xmlSchemaCleanupTypes)
lib/libxml2.a(xmlunicode.o)   lib/libxml2.a(xmlregexp.o) (xmlUCSIsCatCc)
lib/libxml2.a(relaxng.o)      lib/libxml2.a(parser.o) (xmlRelaxNGCleanupTypes)
lib/libxml2.a(dict.o)         lib/libxml2.a(parser.o) (xmlDictCleanup)
lib/libxml2.a(SAX2.o)         lib/libxml2.a(globals.o) (xmlSAX2IsStandalone)
lib/libxml2.a(chvalid.o)      lib/libxml2.a(parser.o) (xmlCharInRange)
lib/libxml2.a(pattern.o)      lib/libxml2.a(xpath.o) (xmlFreePattern)
lib/libxml2.a(xmlsave.o)      lib/libxml2.a(HTMLtree.o) (xmlNsListDumpOutput)
lib/libxml2.a(SAX.o)          lib/libxml2.a(globals.o) (initxmlDefaultSAXHandler)
lib/libxml2.a(entities.o)     lib/libxml2.a(parser.o) (xmlGetPredefinedEntity)
lib/libxml2.a(encoding.o)     lib/libxml2.a(parser.o) (xmlDetectCharEncoding)
lib/libxml2.a(error.o)        lib/libxml2.a(parser.o) (xmlGenericErrorDefaultFunc)
lib/libxml2.a(parserInternals.o)
                              lib/libxml2.a(parser.o) (xmlErrMemory)
lib/libxml2.a(list.o)         lib/libxml2.a(valid.o) (xmlListCreate)
lib/libxml2.a(debugXML.o)     lib/libxml2.a(xpath.o) (xmlDebugDumpString)
lib/libxml2.a(xmlschemas.o)   lib/libxml2.a(xmlschemastypes.o) (xmlSchemaNewFacet)
lib/libxml2.a(xmlreader.o)    lib/libxml2.a(xmlschemas.o) (xmlTextReaderLookupNamespace)
lib/libxml2.a(xinclude.o)     lib/libxml2.a(xmlreader.o) (xmlXIncludeNewContext)
/home/wsj/share/code/gcc-linaro-aarch64-linux-gnu-4.9-2014.07_linux/bin/../aarch64-linux-gnu/libc/usr/lib/aarch64-linux-gnu/libc_nonshared.a(elf-init.oS)
                              /home/wsj/share/code/gcc-linaro-aarch64-linux-gnu-4.9-2014.07_linux/bin/../aarch64-linux-gnu/libc/usr/lib/aarch64-linux-gnu/crt1.o (__libc_csu_init)

Allocating common symbols
Common symbol       size              file

xmlLastError        0x58              lib/libxml2.a(globals.o)

Memory Configuration

Name             Origin             Length             Attributes
*default*        0x0000000000000000 0xffffffffffffffff

Linker script and memory map

LOAD /home/wsj/share/code/gcc-linaro-aarch64-linux-gnu-4.9-2014.07_linux/bin/../aarch64-linux-gnu/libc/usr/lib/aarch64-linux-gnu/crt1.o
LOAD /home/wsj/share/code/gcc-linaro-aarch64-linux-gnu-4.9-2014.07_linux/bin/../aarch64-linux-gnu/libc/usr/lib/aarch64-linux-gnu/crti.o
LOAD /home/wsj/share/code/gcc-linaro-aarch64-linux-gnu-4.9-2014.07_linux/bin/../lib/gcc/aarch64-linux-gnu/4.9.1/crtbegin.o
LOAD out/Adu/obj/sw/osal_hal/test/libxml_test.o
LOAD sw/osal_hal/liboal_hal.a
LOAD lib/libxml2.a
LOAD /home/wsj/share/code/gcc-linaro-aarch64-linux-gnu-4.9-2014.07_linux/bin/../aarch64-linux-gnu/libc/usr/lib/aarch64-linux-gnu/libpthread.so
START GROUP
LOAD /home/wsj/share/code/gcc-linaro-aarch64-linux-gnu-4.9-2014.07_linux/bin/../aarch64-linux-gnu/libc/lib/aarch64-linux-gnu/libpthread.so.0
LOAD /home/wsj/share/code/gcc-linaro-aarch64-linux-gnu-4.9-2014.07_linux/bin/../aarch64-linux-gnu/libc/usr/lib/aarch64-linux-gnu/libpthread_nonshared.a
END GROUP
LOAD /home/wsj/share/code/gcc-linaro-aarch64-linux-gnu-4.9-2014.07_linux/bin/../aarch64-linux-gnu/libc/usr/lib/aarch64-linux-gnu/librt.so
LOAD /home/wsj/share/code/gcc-linaro-aarch64-linux-gnu-4.9-2014.07_linux/bin/../lib/gcc/aarch64-linux-gnu/4.9.1/../../../../aarch64-linux-gnu/lib/libstdc++.so
LOAD /home/wsj/share/code/gcc-linaro-aarch64-linux-gnu-4.9-2014.07_linux/bin/../aarch64-linux-gnu/libc/usr/lib/aarch64-linux-gnu/libm.so
LOAD /home/wsj/share/code/gcc-linaro-aarch64-linux-gnu-4.9-2014.07_linux/bin/../lib/gcc/aarch64-linux-gnu/4.9.1/../../../../aarch64-linux-gnu/lib/libgcc_s.so
LOAD /home/wsj/share/code/gcc-linaro-aarch64-linux-gnu-4.9-2014.07_linux/bin/../lib/gcc/aarch64-linux-gnu/4.9.1/libgcc.a
LOAD /home/wsj/share/code/gcc-linaro-aarch64-linux-gnu-4.9-2014.07_linux/bin/../aarch64-linux-gnu/libc/usr/lib/aarch64-linux-gnu/libc.so
START GROUP
LOAD /home/wsj/share/code/gcc-linaro-aarch64-linux-gnu-4.9-2014.07_linux/bin/../aarch64-linux-gnu/libc/lib/aarch64-linux-gnu/libc.so.6
LOAD /home/wsj/share/code/gcc-linaro-aarch64-linux-gnu-4.9-2014.07_linux/bin/../aarch64-linux-gnu/libc/usr/lib/aarch64-linux-gnu/libc_nonshared.a
LOAD /home/wsj/share/code/gcc-linaro-aarch64-linux-gnu-4.9-2014.07_linux/bin/../aarch64-linux-gnu/libc/lib/ld-linux-aarch64.so.1
END GROUP
LOAD /home/wsj/share/code/gcc-linaro-aarch64-linux-gnu-4.9-2014.07_linux/bin/../lib/gcc/aarch64-linux-gnu/4.9.1/../../../../aarch64-linux-gnu/lib/libgcc_s.so
LOAD /home/wsj/share/code/gcc-linaro-aarch64-linux-gnu-4.9-2014.07_linux/bin/../lib/gcc/aarch64-linux-gnu/4.9.1/libgcc.a
LOAD /home/wsj/share/code/gcc-linaro-aarch64-linux-gnu-4.9-2014.07_linux/bin/../lib/gcc/aarch64-linux-gnu/4.9.1/crtend.o
LOAD /home/wsj/share/code/gcc-linaro-aarch64-linux-gnu-4.9-2014.07_linux/bin/../aarch64-linux-gnu/libc/usr/lib/aarch64-linux-gnu/crtn.o
                0x0000000000400000                PROVIDE (__executable_start, 0x400000)
                0x00000000004001c8                . = (0x400000 + SIZEOF_HEADERS)

.interp         0x00000000004001c8       0x1b
 *(.interp)
 .interp        0x00000000004001c8       0x1b /home/wsj/share/code/gcc-linaro-aarch64-linux-gnu-4.9-2014.07_linux/bin/../aarch64-linux-gnu/libc/usr/lib/aarch64-linux-gnu/crt1.o

.note.ABI-tag   0x00000000004001e4       0x20
 .note.ABI-tag  0x00000000004001e4       0x20 /home/wsj/share/code/gcc-linaro-aarch64-linux-gnu-4.9-2014.07_linux/bin/../aarch64-linux-gnu/libc/usr/lib/aarch64-linux-gnu/crt1.o

.note.gnu.build-id
                0x0000000000400204       0x24
 *(.note.gnu.build-id)
 .note.gnu.build-id
                0x0000000000400204       0x24 linker stubs

.hash           0x0000000000400228      0x330
 *(.hash)
 .hash          0x0000000000400228      0x330 /home/wsj/share/code/gcc-linaro-aarch64-linux-gnu-4.9-2014.07_linux/bin/../aarch64-linux-gnu/libc/usr/lib/aarch64-linux-gnu/crt1.o

.gnu.hash
 *(.gnu.hash)

.dynsym         0x0000000000400558      0x9d8
 *(.dynsym)
 .dynsym        0x0000000000400558      0x9d8 /home/wsj/share/code/gcc-linaro-aarch64-linux-gnu-4.9-2014.07_linux/bin/../aarch64-linux-gnu/libc/usr/lib/aarch64-linux-gnu/crt1.o

.dynstr         0x0000000000400f30      0x441
 *(.dynstr)
 .dynstr        0x0000000000400f30      0x441 /home/wsj/share/code/gcc-linaro-aarch64-linux-gnu-4.9-2014.07_linux/bin/../aarch64-linux-gnu/libc/usr/lib/aarch64-linux-gnu/crt1.o

.gnu.version    0x0000000000401372       0xd2
 *(.gnu.version)
 .gnu.version   0x0000000000401372       0xd2 /home/wsj/share/code/gcc-linaro-aarch64-linux-gnu-4.9-2014.07_linux/bin/../aarch64-linux-gnu/libc/usr/lib/aarch64-linux-gnu/crt1.o

.gnu.version_d  0x0000000000401448        0x0
 *(.gnu.version_d)
 .gnu.version_d
                0x0000000000000000        0x0 /home/wsj/share/code/gcc-linaro-aarch64-linux-gnu-4.9-2014.07_linux/bin/../aarch64-linux-gnu/libc/usr/lib/aarch64-linux-gnu/crt1.o

.gnu.version_r  0x0000000000401448       0x60
 *(.gnu.version_r)
 .gnu.version_r
                0x0000000000401448       0x60 /home/wsj/share/code/gcc-linaro-aarch64-linux-gnu-4.9-2014.07_linux/bin/../aarch64-linux-gnu/libc/usr/lib/aarch64-linux-gnu/crt1.o

.rela.dyn       0x00000000004014a8       0xf0
 *(.rela.init)
 *(.rela.text .rela.text.* .rela.gnu.linkonce.t.*)
 *(.rela.fini)
 *(.rela.rodata .rela.rodata.* .rela.gnu.linkonce.r.*)
 *(.rela.data .rela.data.* .rela.gnu.linkonce.d.*)
 *(.rela.tdata .rela.tdata.* .rela.gnu.linkonce.td.*)
 *(.rela.tbss .rela.tbss.* .rela.gnu.linkonce.tb.*)
 *(.rela.ctors)
 *(.rela.dtors)
 *(.rela.got)
 .rela.got      0x00000000004014a8       0xa8 /home/wsj/share/code/gcc-linaro-aarch64-linux-gnu-4.9-2014.07_linux/bin/../aarch64-linux-gnu/libc/usr/lib/aarch64-linux-gnu/crt1.o
 *(.rela.bss .rela.bss.* .rela.gnu.linkonce.b.*)
 .rela.bss      0x0000000000401550       0x48 /home/wsj/share/code/gcc-linaro-aarch64-linux-gnu-4.9-2014.07_linux/bin/../aarch64-linux-gnu/libc/usr/lib/aarch64-linux-gnu/crt1.o
 *(.rela.ifunc)

.rela.plt       0x0000000000401598      0x8a0
 *(.rela.plt)
 .rela.plt      0x0000000000401598      0x8a0 /home/wsj/share/code/gcc-linaro-aarch64-linux-gnu-4.9-2014.07_linux/bin/../aarch64-linux-gnu/libc/usr/lib/aarch64-linux-gnu/crt1.o
                0x0000000000401e38                PROVIDE (__rela_iplt_start, .)
 *(.rela.iplt)
 .rela.iplt     0x0000000000000000        0x0 /home/wsj/share/code/gcc-linaro-aarch64-linux-gnu-4.9-2014.07_linux/bin/../aarch64-linux-gnu/libc/usr/lib/aarch64-linux-gnu/crt1.o
                0x0000000000401e38                PROVIDE (__rela_iplt_end, .)

.init           0x0000000000401e38       0x14
 *(SORT(.init))
 .init          0x0000000000401e38        0xc /home/wsj/share/code/gcc-linaro-aarch64-linux-gnu-4.9-2014.07_linux/bin/../aarch64-linux-gnu/libc/usr/lib/aarch64-linux-gnu/crti.o
                0x0000000000401e38                _init
 .init          0x0000000000401e44        0x8 /home/wsj/share/code/gcc-linaro-aarch64-linux-gnu-4.9-2014.07_linux/bin/../aarch64-linux-gnu/libc/usr/lib/aarch64-linux-gnu/crtn.o

.plt            0x0000000000401e50      0x5e0
 *(.plt)
 .plt           0x0000000000401e50      0x5e0 /home/wsj/share/code/gcc-linaro-aarch64-linux-gnu-4.9-2014.07_linux/bin/../aarch64-linux-gnu/libc/usr/lib/aarch64-linux-gnu/crt1.o
                0x0000000000401e70                getaddrinfo@@GLIBC_2.17
                0x0000000000401e80                __fpclassify@@GLIBC_2.17
                0x0000000000401e90                stpcpy@@GLIBC_2.17
                0x0000000000401ea0                __libc_start_main@@GLIBC_2.17
                0x0000000000401eb0                pthread_mutex_lock@@GLIBC_2.17
                0x0000000000401ec0                pthread_cond_init@@GLIBC_2.17
                0x0000000000401ed0                __signbit@@GLIBC_2.17
                0x0000000000401ee0                iconv_open@@GLIBC_2.17
                0x0000000000401f00                getcwd@@GLIBC_2.17
                0x0000000000401f10                socket@@GLIBC_2.17
                0x0000000000401f20                snprintf@@GLIBC_2.17
                0x0000000000401f30                strcat@@GLIBC_2.17
                0x0000000000401f40                fprintf@@GLIBC_2.17
                0x0000000000401f50                memcpy@@GLIBC_2.17
                0x0000000000401f60                fread@@GLIBC_2.17
                0x0000000000401f70                gethostbyname@@GLIBC_2.17
                0x0000000000401f80                strncpy@@GLIBC_2.17
                0x0000000000401f90                realloc@@GLIBC_2.17
                0x0000000000401fa0                exit@@GLIBC_2.17
                0x0000000000401fb0                __ctype_toupper_loc@@GLIBC_2.17
                0x0000000000401fc0                select@@GLIBC_2.17
                0x0000000000401fd0                sleep@@GLIBC_2.17
                0x0000000000401fe0                getsockopt@@GLIBC_2.17
                0x0000000000401ff0                fputc@@GLIBC_2.17
                0x0000000000402000                __isoc99_sscanf@@GLIBC_2.17
                0x0000000000402010                strncmp@@GLIBC_2.17
                0x0000000000402020                fmod@@GLIBC_2.17
                0x0000000000402030                abort@@GLIBC_2.17
                0x0000000000402040                pthread_key_create@@GLIBC_2.17
                0x0000000000402050                usleep@@GLIBC_2.17
                0x0000000000402060                ferror@@GLIBC_2.17
                0x0000000000402070                fflush@@GLIBC_2.17
                0x0000000000402080                pthread_mutex_destroy@@GLIBC_2.17
                0x0000000000402090                __errno_location@@GLIBC_2.17
                0x00000000004020a0                freeaddrinfo@@GLIBC_2.17
                0x00000000004020b0                recv@@GLIBC_2.17
                0x00000000004020c0                read@@GLIBC_2.17
                0x00000000004020d0                perror@@GLIBC_2.17
                0x00000000004020e0                pthread_cond_wait@@GLIBC_2.17
                0x00000000004020f0                __h_errno_location@@GLIBC_2.17
                0x0000000000402100                listen@@GLIBC_2.17
                0x0000000000402110                inet_ntop@@GLIBC_2.17
                0x0000000000402120                write@@GLIBC_2.17
                0x0000000000402130                pthread_cond_destroy@@GLIBC_2.17
                0x0000000000402140                __xstat64@@GLIBC_2.17
                0x0000000000402150                pthread_once@@GLIBC_2.17
                0x0000000000402160                pthread_equal@@GLIBC_2.17
                0x0000000000402170                __isinf@@GLIBC_2.17
                0x0000000000402180                pow@@GLIBC_2.17
                0x0000000000402190                memcmp@@GLIBC_2.17
                0x00000000004021a0                malloc@@GLIBC_2.17
                0x00000000004021b0                send@@GLIBC_2.17
                0x00000000004021c0                cfsetispeed@@GLIBC_2.17
                0x00000000004021d0                bind@@GLIBC_2.17
                0x00000000004021e0                pthread_mutex_init@@GLIBC_2.17
                0x00000000004021f0                fclose@@GLIBC_2.17
                0x0000000000402200                pthread_cond_signal@@GLIBC_2.17
                0x0000000000402210                tcflush@@GLIBC_2.17
                0x0000000000402220                pthread_mutex_unlock@@GLIBC_2.17
                0x0000000000402230                iconv_close@@GLIBC_2.17
                0x0000000000402240                strcmp@@GLIBC_2.17
                0x0000000000402250                strtol@@GLIBC_2.17
                0x0000000000402260                tcgetattr@@GLIBC_2.17
                0x0000000000402270                getenv@@GLIBC_2.17
                0x0000000000402280                vsnprintf@@GLIBC_2.17
                0x0000000000402290                strchr@@GLIBC_2.17
                0x00000000004022a0                log10@@GLIBC_2.17
                0x00000000004022b0                cfsetospeed@@GLIBC_2.17
                0x00000000004022c0                free@@GLIBC_2.17
                0x00000000004022d0                puts@@GLIBC_2.17
                0x00000000004022e0                tcsetattr@@GLIBC_2.17
                0x00000000004022f0                sprintf@@GLIBC_2.17
                0x0000000000402300                pthread_getspecific@@GLIBC_2.17
                0x0000000000402310                fwrite@@GLIBC_2.17
                0x0000000000402320                pthread_setspecific@@GLIBC_2.17
                0x0000000000402330                fputs@@GLIBC_2.17
                0x0000000000402340                printf@@GLIBC_2.17
                0x0000000000402350                strcpy@@GLIBC_2.17
                0x0000000000402360                memmove@@GLIBC_2.17
                0x0000000000402370                close@@GLIBC_2.17
                0x0000000000402380                vfprintf@@GLIBC_2.17
                0x0000000000402390                connect@@GLIBC_2.17
                0x00000000004023a0                open64@@GLIBC_2.17
                0x00000000004023b0                strlen@@GLIBC_2.17
                0x00000000004023c0                fopen64@@GLIBC_2.17
                0x00000000004023d0                fcntl@@GLIBC_2.17
                0x00000000004023e0                pthread_self@@GLIBC_2.17
                0x00000000004023f0                iconv@@GLIBC_2.17
                0x0000000000402400                open@@GLIBC_2.17
                0x0000000000402410                getsockname@@GLIBC_2.17
                0x0000000000402420                memset@@GLIBC_2.17
 *(.iplt)
 .iplt          0x0000000000000000        0x0 /home/wsj/share/code/gcc-linaro-aarch64-linux-gnu-4.9-2014.07_linux/bin/../aarch64-linux-gnu/libc/usr/lib/aarch64-linux-gnu/crt1.o

.text           0x0000000000402430    0xc0b44
 *(.text.unlikely .text.*_unlikely .text.unlikely.*)
 .text.unlikely
                0x0000000000402430      0x5a8 lib/libxml2.a(HTMLparser.o)
 *(.text.exit .text.exit.*)
 *(.text.startup .text.startup.*)
 .text.startup.main
                0x00000000004029d8      0x2f4 out/Adu/obj/sw/osal_hal/test/libxml_test.o
                0x00000000004029d8                main
 *(.text.hot .text.hot.*)
 *(.text .stub .text.* .gnu.linkonce.t.*)
 *fill*         0x0000000000402ccc        0x4 00000000
 .text          0x0000000000402cd0       0x48 /home/wsj/share/code/gcc-linaro-aarch64-linux-gnu-4.9-2014.07_linux/bin/../aarch64-linux-gnu/libc/usr/lib/aarch64-linux-gnu/crt1.o
                0x0000000000402cd0                _start
 .text          0x0000000000402d18       0x14 /home/wsj/share/code/gcc-linaro-aarch64-linux-gnu-4.9-2014.07_linux/bin/../aarch64-linux-gnu/libc/usr/lib/aarch64-linux-gnu/crti.o
 *fill*         0x0000000000402d2c        0x4 00000000
 .text          0x0000000000402d30       0xf8 /home/wsj/share/code/gcc-linaro-aarch64-linux-gnu-4.9-2014.07_linux/bin/../lib/gcc/aarch64-linux-gnu/4.9.1/crtbegin.o
 .text          0x0000000000402e28        0x0 out/Adu/obj/sw/osal_hal/test/libxml_test.o
 .text.PrintSpace
                0x0000000000402e28       0x4c out/Adu/obj/sw/osal_hal/test/libxml_test.o
                0x0000000000402e28                PrintSpace
 .text.PrintFrameDetail
                0x0000000000402e74      0x174 out/Adu/obj/sw/osal_hal/test/libxml_test.o
                0x0000000000402e74                PrintFrameDetail
 .text.getFrameProp
                0x0000000000402fe8      0x100 out/Adu/obj/sw/osal_hal/test/libxml_test.o
                0x0000000000402fe8                getFrameProp
 .text          0x00000000004030e8        0x0 sw/osal_hal/liboal_hal.a(hal_uart.o)
 .text.init_uart
                0x00000000004030e8       0xe0 sw/osal_hal/liboal_hal.a(hal_uart.o)
                0x00000000004030e8                init_uart
 .text.uart_send
                0x00000000004031c8       0x68 sw/osal_hal/liboal_hal.a(hal_uart.o)
                0x00000000004031c8                uart_send
 .text.uart_recv
                0x0000000000403230      0x110 sw/osal_hal/liboal_hal.a(hal_uart.o)
                0x0000000000403230                uart_recv
 .text          0x0000000000403340        0x0 sw/osal_hal/liboal_hal.a(led_uart.o)
 .text.Crc_16_Ibm
                0x0000000000403340       0xdc sw/osal_hal/liboal_hal.a(led_uart.o)
                0x0000000000403340                Crc_16_Ibm
 .text.LmmTx    0x000000000040341c       0x9c sw/osal_hal/liboal_hal.a(led_uart.o)
                0x000000000040341c                LmmTx
 .text.LmmWrReg
                0x00000000004034b8      0x194 sw/osal_hal/liboal_hal.a(led_uart.o)
                0x00000000004034b8                LmmWrReg
 .text.discrete_data_high_low
                0x000000000040364c       0x14 sw/osal_hal/liboal_hal.a(led_uart.o)
                0x000000000040364c                discrete_data_high_low
 .text.send_led_uart_data
                0x0000000000403660       0x94 sw/osal_hal/liboal_hal.a(led_uart.o)
                0x0000000000403660                send_led_uart_data
 .text          0x00000000004036f4    0x162cc lib/libxml2.a(parser.o)
                0x00000000004052ec                xmlHasFeature
                0x0000000000405310                xmlCheckLanguageID
                0x0000000000405434                inputPush
                0x00000000004054e4                inputPop
                0x0000000000405534                nodePush
                0x000000000040562c                nodePop
                0x000000000040567c                namePush
                0x0000000000405720                namePop
                0x0000000000405770                xmlPopInput
                0x00000000004058f8                xmlPushInput
                0x00000000004059d0                xmlSplitQName
                0x0000000000405e3c                xmlParsePubidLiteral
                0x00000000004060d4                xmlParseStringEntityRef
                0x0000000000406328                xmlParseStringPEReference
                0x00000000004064bc                xmlStringLenDecodeEntities
                0x0000000000406bc0                xmlStringDecodeEntities
                0x0000000000406c3c                xmlParseVersionNum
                0x0000000000406d44                xmlParseEncName
                0x0000000000406f50                xmlParseEncodingDecl
                0x0000000000407218                xmlParseTextDecl
                0x0000000000407520                xmlParserHandlePEReference
                0x00000000004078c4                xmlSkipBlankChars
                0x0000000000407af8                xmlParseCharRef
                0x0000000000407f78                xmlParseName
                0x0000000000408484                xmlParsePITarget
                0x0000000000408574                xmlParseNotationType
                0x00000000004086e4                xmlParseElementChildrenContentDecl
                0x0000000000408db8                xmlParseEntityRef
                0x0000000000409150                xmlParseNmtoken
                0x00000000004096c0                xmlParseEnumerationType
                0x0000000000409864                xmlParseEntityValue
                0x000000000040ab2c                xmlParseAttValue
                0x000000000040ab50                xmlParseAttribute
                0x000000000040ad04                xmlParseStartTag
                0x000000000040b1d0                xmlParseSystemLiteral
                0x000000000040b580                xmlParseCharDataComplex
                0x000000000040ba60                xmlParseCharData
                0x000000000040bed4                xmlParseExternalID
                0x000000000040c298                xmlParseComment
                0x000000000040cdec                xmlParsePI
                0x000000000040d644                xmlParseNotationDecl
                0x000000000040d910                xmlParseEntityDecl
                0x000000000040e0fc                xmlParseDefaultDecl
                0x000000000040e3e8                xmlParseEnumeratedType
                0x000000000040e55c                xmlParseAttributeType
                0x000000000040eaf8                xmlParseAttributeListDecl
                0x000000000040f23c                xmlParseElementMixedContentDecl
                0x000000000040f66c                xmlParseElementContentDecl
                0x000000000040f7bc                xmlParseElementDecl
                0x000000000040fc34                xmlParseDocTypeDecl
                0x000000000040ffd0                xmlParseEndTag
                0x000000000040ffd8                xmlParseCDSect
                0x0000000000411ed4                xmlParseVersionInfo
                0x00000000004122e4                xmlParsePEReference
                0x0000000000412300                xmlParseMarkupDecl
                0x0000000000412ca0                xmlParseExternalSubset
                0x0000000000412f8c                xmlParseSDDecl
                0x00000000004133b4                xmlParseXMLDecl
                0x0000000000413724                xmlParseMisc
                0x00000000004137dc                xmlCreatePushParserCtxt
                0x0000000000413a98                xmlStopParser
                0x0000000000413ac8                xmlCreateIOParserCtxt
                0x0000000000413c24                xmlIOParseDTD
                0x0000000000413eb0                xmlSAXParseDTD
                0x00000000004140d8                xmlParseDTD
                0x00000000004140e8                xmlCreateEntityParserCtxt
                0x0000000000414204                xmlSetupParserForBuffer
                0x00000000004142ac                xmlCreateMemoryParserCtxt
                0x0000000000414770                xmlParseReference
                0x0000000000414e8c                xmlParseContent
                0x00000000004155ec                xmlParseExternalEntity
                0x000000000041560c                xmlParseElement
                0x0000000000415a20                xmlParseDocument
                0x0000000000415ef0                xmlParseExtParsedEnt
                0x000000000041618c                xmlParseCtxtExternalEntity
                0x0000000000416630                xmlParseChunk
                0x0000000000417e74                xmlSAXParseMemoryWithData
                0x0000000000417f2c                xmlSAXParseMemory
                0x0000000000417f34                xmlParseMemory
                0x0000000000417f4c                xmlRecoverMemory
                0x0000000000417f64                xmlSAXUserParseMemory
                0x0000000000418024                xmlCreateDocParserCtxt
                0x000000000041805c                xmlSAXParseDoc
                0x0000000000418100                xmlRecoverDoc
                0x0000000000418110                xmlParseDoc
                0x0000000000418120                xmlSetEntityReferenceFunc
                0x000000000041812c                xmlInitParser
                0x0000000000418140                xmlCleanupParser
                0x0000000000418194                xmlCtxtReset
                0x00000000004183f8                xmlCtxtResetPush
                0x0000000000418648                xmlCtxtUseOptions
                0x0000000000418804                xmlParseInNodeContext
                0x0000000000418be8                xmlParseBalancedChunkMemoryRecover
                0x0000000000418f80                xmlParseBalancedChunkMemory
                0x0000000000418f88                xmlCreateURLParserCtxt
                0x0000000000419058                xmlCreateFileParserCtxt
                0x0000000000419060                xmlSAXParseEntity
                0x00000000004190fc                xmlParseEntity
                0x0000000000419108                xmlSAXParseFileWithData
                0x000000000041922c                xmlSAXParseFile
                0x0000000000419234                xmlParseFile
                0x0000000000419248                xmlRecoverFile
                0x000000000041925c                xmlSAXUserParseFile
                0x00000000004193e4                xmlReadDoc
                0x0000000000419440                xmlReadFile
                0x0000000000419488                xmlReadMemory
                0x00000000004194dc                xmlReadFd
                0x0000000000419598                xmlReadIO
                0x0000000000419650                xmlCtxtReadDoc
                0x00000000004196e0                xmlCtxtReadFile
                0x0000000000419764                xmlCtxtReadMemory
                0x0000000000419830                xmlCtxtReadFd
                0x00000000004198ec                xmlCtxtReadIO
 .text          0x00000000004199c0     0xbacc lib/libxml2.a(tree.o)
                0x000000000041a0fc                xmlBuildQName
                0x000000000041a1fc                xmlSplitQName2
                0x000000000041a300                xmlSplitQName3
                0x000000000041a354                xmlValidateNCName
                0x000000000041a818                xmlValidateQName
                0x000000000041af70                xmlValidateName
                0x000000000041b478                xmlValidateNMToken
                0x000000000041b9d0                xmlSetBufferAllocationScheme
                0x000000000041b9f4                xmlGetBufferAllocationScheme
                0x000000000041ba0c                xmlSetNs
                0x000000000041ba18                xmlFreeNs
                0x000000000041ba68                xmlNewNs
                0x000000000041c0ec                xmlFreeNsList
                0x000000000041c118                xmlNewDtd
                0x000000000041c130                xmlGetIntSubset
                0x000000000041c164                xmlCreateIntSubset
                0x000000000041c41c                xmlNewDoc
                0x000000000041c554                xmlNodeListGetString
                0x000000000041c714                xmlNodeListGetRawString
                0x000000000041c850                xmlNewDocPI
                0x000000000041c968                xmlNewPI
                0x000000000041c978                xmlNewNode
                0x000000000041ca64                xmlNewNodeEatName
                0x000000000041cb5c                xmlNewDocFragment
                0x000000000041cc18                xmlNewText
                0x000000000041ccf0                xmlNewCharRef
                0x000000000041ce24                xmlNewReference
                0x000000000041cf80                xmlNewDocText
                0x000000000041cfac                xmlNewTextLen
                0x000000000041d08c                xmlNewDocTextLen
                0x000000000041d0c0                xmlNewComment
                0x000000000041d198                xmlNewCDataBlock
                0x000000000041d280                xmlNewDocComment
                0x000000000041d2ac                xmlSetListDoc
                0x000000000041d2f0                xmlSetTreeDoc
                0x000000000041d36c                xmlGetLastChild
                0x000000000041d378                xmlUnlinkNode
                0x000000000041d448                xmlFreeDtd
                0x000000000041d5cc                xmlFreeDoc
                0x000000000041d7bc                xmlFreeNodeList
                0x000000000041d9b8                xmlFreeProp
                0x000000000041da9c                xmlFreePropList
                0x000000000041dac8                xmlRemoveProp
                0x000000000041db64                xmlFreeNode
                0x000000000041dd60                xmlReplaceNode
                0x000000000041de7c                xmlCopyNamespace
                0x000000000041dea8                xmlCopyNamespaceList
                0x000000000041df18                xmlGetLineNo
                0x000000000041df8c                xmlGetNodePath
                0x000000000041e5d4                xmlDocGetRootElement
                0x000000000041e5fc                xmlNodeSetName
                0x000000000041e6c0                xmlGetNsList
                0x000000000041ebbc                xmlAddChild
                0x000000000041ede0                xmlNodeAddContentLen
                0x000000000041ef04                xmlNodeAddContent
                0x000000000041ef4c                xmlAddSibling
                0x000000000041f084                xmlDocSetRootElement
                0x000000000041f130                xmlAddChildList
                0x000000000041f21c                xmlTextMerge
                0x000000000041f2a8                xmlStringGetNodeList
                0x000000000041f990                xmlNewProp
                0x000000000041f9b0                xmlNewNsProp
                0x000000000041f9c4                xmlNewNsPropEatName
                0x000000000041f9d8                xmlNewDocProp
                0x000000000041fb0c                xmlNewDocNode
                0x000000000041fbd0                xmlNewDocRawNode
                0x000000000041fc74                xmlNewTextChild
                0x000000000041fd5c                xmlNewChild
                0x000000000041fe44                xmlNewDocNodeEatName
                0x000000000041fed8                xmlNodeSetContent
                0x0000000000420008                xmlAddNextSibling
                0x0000000000420194                xmlAddPrevSibling
                0x0000000000420318                xmlStringLenGetNodeList
                0x000000000042087c                xmlNodeSetContentLen
                0x00000000004209c8                xmlSearchNs
                0x0000000000420bb8                xmlSearchNsByHref
                0x0000000000420dbc                xmlNewReconciliedNs
                0x000000000042114c                xmlCopyProp
                0x000000000042115c                xmlCopyPropList
                0x00000000004215a8                xmlCopyNode
                0x00000000004215b8                xmlCopyDtd
                0x0000000000421840                xmlDocCopyNodeList
                0x0000000000421854                xmlCopyNodeList
                0x0000000000421860                xmlCopyDoc
                0x0000000000421980                xmlDocCopyNode
                0x000000000042198c                xmlReconciliateNs
                0x0000000000421e20                xmlHasProp
                0x0000000000421ed4                xmlHasNsProp
                0x0000000000421edc                xmlGetProp
                0x0000000000421efc                xmlGetNoNsProp
                0x0000000000421f24                xmlGetNsProp
                0x0000000000421f48                xmlNodeGetLang
                0x0000000000421fb4                xmlNodeGetSpacePreserve
                0x00000000004220bc                xmlNodeGetBase
                0x0000000000422374                xmlUnsetProp
                0x00000000004223b8                xmlUnsetNsProp
                0x0000000000422410                xmlSetNsProp
                0x0000000000422564                xmlNodeSetLang
                0x00000000004225d0                xmlNodeSetSpacePreserve
                0x0000000000422670                xmlNodeSetBase
                0x0000000000422778                xmlSetProp
                0x000000000042286c                xmlNodeIsText
                0x0000000000422880                xmlIsBlankNode
                0x0000000000422920                xmlTextConcat
                0x00000000004229d0                xmlBufferCreate
                0x0000000000422a98                xmlBufferCreateSize
                0x0000000000422b7c                xmlBufferCreateStatic
                0x0000000000422c08                xmlBufferSetAllocationScheme
                0x0000000000422c20                xmlBufferFree
                0x0000000000422c70                xmlBufferEmpty
                0x0000000000422cac                xmlBufferShrink
                0x0000000000422d38                xmlBufferGrow
                0x0000000000422df4                xmlBufferDump
                0x0000000000422e3c                xmlBufferContent
                0x0000000000422e48                xmlBufferLength
                0x0000000000422e54                xmlBufferResize
                0x0000000000422f8c                xmlBufferAdd
                0x000000000042308c                xmlBufferAddHead
                0x00000000004231a4                xmlBufferCat
                0x00000000004231c8                xmlNodeBufGetContent
                0x0000000000423398                xmlNodeGetContent
                0x0000000000423474                xmlBufferCCat
                0x0000000000423554                xmlBufferWriteCHAR
                0x000000000042356c                xmlBufferWriteChar
                0x0000000000423584                xmlBufferWriteQuotedString
                0x00000000004236d0                xmlGetDocCompressMode
                0x00000000004236e4                xmlSetDocCompressMode
                0x0000000000423710                xmlGetCompressMode
                0x000000000042371c                xmlSetCompressMode
                0x0000000000423750                xmlDOMWrapNewCtxt
                0x00000000004237ac                xmlDOMWrapFreeCtxt
                0x00000000004237e8                xmlDOMWrapRemoveNode
                0x0000000000423a18                xmlDOMWrapReconcileNamespaces
                0x0000000000423f68                xmlDOMWrapCloneNode
                0x0000000000424820                xmlDOMWrapAdoptNode
 .text          0x000000000042548c     0x127c lib/libxml2.a(hash.o)
                0x0000000000425540                xmlHashCreate
                0x00000000004255e0                xmlHashCreateDict
                0x000000000042561c                xmlHashFree
                0x0000000000425774                xmlHashAddEntry3
                0x0000000000425c10                xmlHashAddEntry
                0x0000000000425c20                xmlHashAddEntry2
                0x0000000000425c2c                xmlHashUpdateEntry3
                0x0000000000425f0c                xmlHashUpdateEntry
                0x0000000000425f20                xmlHashUpdateEntry2
                0x0000000000425f30                xmlHashLookup3
                0x000000000042601c                xmlHashLookup
                0x0000000000426028                xmlHashLookup2
                0x0000000000426030                xmlHashQLookup3
                0x0000000000426238                xmlHashQLookup
                0x000000000042624c                xmlHashQLookup2
                0x0000000000426258                xmlHashScanFull
                0x0000000000426318                xmlHashScan
                0x0000000000426344                xmlHashScanFull3
                0x0000000000426458                xmlHashScan3
                0x000000000042645c                xmlHashCopy
                0x0000000000426548                xmlHashSize
                0x000000000042655c                xmlHashRemoveEntry3
                0x00000000004266ec                xmlHashRemoveEntry
                0x00000000004266fc                xmlHashRemoveEntry2
 .text          0x0000000000426708     0x30c0 lib/libxml2.a(xmlIO.o)
                0x0000000000426710                xmlFileMatch
                0x000000000042688c                xmlIOHTTPMatch
                0x00000000004268b4                xmlIOFTPMatch
                0x00000000004268dc                xmlIOHTTPOpen
                0x00000000004268e4                xmlIOHTTPRead
                0x00000000004268fc                xmlIOHTTPClose
                0x0000000000426914                xmlIOFTPOpen
                0x0000000000426918                xmlIOFTPRead
                0x0000000000426930                xmlIOFTPClose
                0x0000000000426b04                __xmlIOErr
                0x0000000000426f50                xmlFileRead
                0x0000000000426fc4                xmlFileClose
                0x0000000000427318                __xmlLoaderErr
                0x0000000000427404                xmlNormalizeWindowsPath
                0x0000000000427408                xmlCleanupInputCallbacks
                0x000000000042745c                xmlPopInputCallbacks
                0x00000000004274a8                xmlCleanupOutputCallbacks
                0x00000000004274fc                xmlCheckFilename
                0x0000000000427634                xmlFileOpen
                0x0000000000427848                xmlRegisterInputCallbacks
                0x0000000000427898                xmlRegisterOutputCallbacks
                0x00000000004278e8                xmlRegisterDefaultInputCallbacks
                0x00000000004278fc                xmlRegisterDefaultOutputCallbacks
                0x0000000000427910                xmlRegisterHTTPPostCallbacks
                0x0000000000427998                xmlAllocParserInputBuffer
                0x0000000000427a90                __xmlParserInputBufferCreateFilename
                0x0000000000427b80                xmlAllocOutputBuffer
                0x0000000000427c5c                __xmlOutputBufferCreateFilename
                0x0000000000427e28                xmlFreeParserInputBuffer
                0x0000000000427e94                xmlParserInputBufferCreateFilename
                0x0000000000427ee8                xmlOutputBufferCreateFilename
                0x0000000000427f50                xmlParserInputBufferCreateFile
                0x0000000000427fc8                xmlOutputBufferCreateFile
                0x0000000000428040                xmlOutputBufferCreateBuffer
                0x0000000000428088                xmlParserInputBufferCreateFd
                0x00000000004280f4                xmlParserInputBufferCreateMem
                0x0000000000428190                xmlParserInputBufferCreateStatic
                0x0000000000428294                xmlOutputBufferCreateFd
                0x00000000004282f8                xmlParserInputBufferCreateIO
                0x000000000042835c                xmlOutputBufferCreateIO
                0x00000000004283c0                xmlParserInputBufferCreateFilenameDefault
                0x0000000000428414                xmlOutputBufferCreateFilenameDefault
                0x0000000000428468                xmlParserInputBufferPush
                0x0000000000428568                xmlParserInputBufferGrow
                0x0000000000428748                xmlParserInputBufferRead
                0x0000000000428780                xmlOutputBufferWrite
                0x0000000000428a40                xmlOutputBufferWriteEscape
                0x0000000000428d54                xmlOutputBufferWriteString
                0x0000000000428db0                xmlOutputBufferFlush
                0x0000000000428ecc                xmlOutputBufferClose
                0x0000000000428fd8                xmlIOHTTPOpenW
                0x0000000000429220                xmlParserGetDirectory
                0x0000000000429314                xmlCheckHTTPInput
                0x000000000042949c                xmlSetExternalEntityLoader
                0x00000000004294a8                xmlGetExternalEntityLoader
                0x00000000004294b4                xmlLoadExternalEntity
                0x0000000000429568                xmlNoNetExternalEntityLoader
 .text          0x00000000004297c8      0xae4 lib/libxml2.a(xmlmemory.o)
                0x0000000000429804                xmlMallocBreakpoint
                0x0000000000429840                xmlMemFree
                0x0000000000429978                xmlMemUsed
                0x0000000000429984                xmlMemBlocks
                0x0000000000429990                xmlMemDisplay
                0x0000000000429a10                xmlMemShow
                0x0000000000429a34                xmlMemoryDump
                0x0000000000429a38                xmlInitMemory
                0x0000000000429ac8                xmlMallocLoc
                0x0000000000429c30                xmlMemMalloc
                0x0000000000429c40                xmlMallocAtomicLoc
                0x0000000000429da8                xmlReallocLoc
                0x0000000000429f88                xmlMemRealloc
                0x0000000000429f98                xmlMemStrdupLoc
                0x000000000042a0e8                xmlMemoryStrdup
                0x000000000042a0f8                xmlCleanupMemory
                0x000000000042a130                xmlMemSetup
                0x000000000042a198                xmlMemGet
                0x000000000042a1e0                xmlGcMemSetup
                0x000000000042a254                xmlGcMemGet
 .text          0x000000000042a2ac     0x4040 lib/libxml2.a(uri.o)
                0x000000000042a3a4                xmlCreateURI
                0x000000000042a410                xmlSaveUri
                0x000000000042af90                xmlPrintURI
                0x000000000042afd4                xmlFreeURI
                0x000000000042b094                xmlNormalizeURIPath
                0x000000000042b3b0                xmlURIUnescapeString
                0x000000000042c5a0                xmlURIEscapeStr
                0x000000000042c7b8                xmlParseURIReference
                0x000000000042d2bc                xmlURIEscape
                0x000000000042d624                xmlParseURI
                0x000000000042d67c                xmlParseURIRaw
                0x000000000042d6fc                xmlBuildURI
                0x000000000042dcb0                xmlBuildRelativeURI
                0x000000000042e158                xmlCanonicPath
                0x000000000042e244                xmlPathToURI
 .text          0x000000000042e2ec     0x8c20 lib/libxml2.a(valid.o)
                0x000000000042fb30                xmlNewValidCtxt
                0x000000000042fb90                xmlFreeValidCtxt
                0x000000000042fbdc                xmlNewDocElementContent
                0x000000000042fdb8                xmlNewElementContent
                0x000000000042fdc8                xmlCopyDocElementContent
                0x00000000004300bc                xmlCopyElementContent
                0x00000000004300c8                xmlFreeDocElementContent
                0x000000000043025c                xmlFreeElementContent
                0x0000000000430268                xmlSprintfElementContent
                0x000000000043026c                xmlSnprintfElementContent
                0x00000000004306e8                xmlValidBuildContentModel
                0x0000000000430cd0                xmlAddElementDecl
                0x000000000043111c                xmlFreeElementTable
                0x0000000000431128                xmlCopyElementTable
                0x0000000000431134                xmlDumpElementDecl
                0x0000000000431144                xmlDumpElementTable
                0x0000000000431168                xmlCreateEnumeration
                0x00000000004311c4                xmlFreeEnumeration
                0x0000000000431350                xmlCopyEnumeration
                0x0000000000431484                xmlScanAttributeDecl
                0x00000000004314d0                xmlFreeAttributeTable
                0x00000000004314dc                xmlCopyAttributeTable
                0x00000000004314e8                xmlDumpAttributeDecl
                0x00000000004314f8                xmlDumpAttributeTable
                0x000000000043151c                xmlAddNotationDecl
                0x0000000000431670                xmlFreeNotationTable
                0x000000000043167c                xmlCopyNotationTable
                0x0000000000431688                xmlDumpNotationDecl
                0x0000000000431698                xmlDumpNotationTable
                0x00000000004316bc                xmlAddID
                0x000000000043186c                xmlFreeIDTable
                0x0000000000431878                xmlRemoveID
                0x0000000000431940                xmlGetID
                0x0000000000431d78                xmlAddRef
                0x0000000000431f58                xmlFreeRefTable
                0x0000000000431f64                xmlRemoveRef
                0x000000000043202c                xmlGetRefs
                0x0000000000432048                xmlGetDtdElementDesc
                0x0000000000432410                xmlGetDtdQElementDesc
                0x0000000000432428                xmlGetDtdAttrDesc
                0x00000000004324d8                xmlIsID
                0x000000000043270c                xmlIsRef
                0x00000000004327b8                xmlGetDtdQAttrDesc
                0x00000000004327e0                xmlGetDtdNotationDesc
                0x00000000004327f8                xmlValidateNotationUse
                0x0000000000432900                xmlIsMixedElement
                0x00000000004329a4                xmlValidateNameValue
                0x0000000000432be8                xmlValidateNamesValue
                0x000000000043301c                xmlValidateNmtokenValue
                0x00000000004332c0                xmlValidateNmtokensValue
                0x0000000000433860                xmlValidateNotationDecl
                0x0000000000433868                xmlValidateAttributeValue
                0x00000000004338b4                xmlAddAttributeDecl
                0x0000000000433dcc                xmlValidCtxtNormalizeAttributeValue
                0x0000000000434074                xmlValidNormalizeAttributeValue
                0x0000000000434214                xmlValidateAttributeDecl
                0x00000000004344ac                xmlValidateElementDecl
                0x00000000004347c8                xmlValidateOneAttribute
                0x0000000000434cd8                xmlValidateOneNamespace
                0x0000000000435378                xmlValidatePushElement
                0x0000000000435804                xmlValidatePushCData
                0x00000000004358f0                xmlValidatePopElement
                0x0000000000435a5c                xmlValidateOneElement
                0x0000000000436314                xmlValidateRoot
                0x00000000004364d0                xmlValidateElement
                0x0000000000436660                xmlValidateDocumentFinal
                0x00000000004366d4                xmlValidateDtd
                0x00000000004367bc                xmlValidateDtdFinal
                0x000000000043689c                xmlValidateDocument
                0x0000000000436a4c                xmlValidGetPotentialChildren
                0x0000000000436bd8                xmlValidGetValidElements
 .text          0x0000000000436f0c     0x786c lib/libxml2.a(HTMLparser.o)
                0x00000000004397b4                htmlInitAutoClose
                0x00000000004397c8                htmlTagLookup
                0x0000000000439b48                htmlAutoCloseTag
                0x0000000000439bd8                htmlIsAutoClosed
                0x0000000000439c44                htmlIsScriptAttribute
                0x0000000000439cc0                htmlEntityLookup
                0x0000000000439d3c                htmlEntityValueLookup
                0x0000000000439d90                UTF8ToHtml
                0x000000000043a04c                htmlEncodeEntities
                0x000000000043a2f4                htmlNewDocNoDtD
                0x000000000043a3c8                htmlNewDoc
                0x000000000043a3e8                htmlParseEntityRef
                0x000000000043a500                htmlParseCharRef
                0x000000000043b704                htmlParseElement
                0x000000000043bf10                __htmlParseContent
                0x000000000043bf1c                htmlParseDocument
                0x000000000043c210                htmlFreeParserCtxt
                0x000000000043c214                htmlNewParserCtxt
                0x000000000043c44c                htmlCreateMemoryParserCtxt
                0x000000000043c510                htmlParseChunk
                0x000000000043d534                htmlCreatePushParserCtxt
                0x000000000043d790                htmlSAXParseDoc
                0x000000000043d8f0                htmlParseDoc
                0x000000000043d8fc                htmlCreateFileParserCtxt
                0x000000000043da40                htmlSAXParseFile
                0x000000000043dacc                htmlParseFile
                0x000000000043dad8                htmlHandleOmittedElem
                0x000000000043daec                htmlElementAllowedHere
                0x000000000043db00                htmlElementStatusHere
                0x000000000043db5c                htmlAttrAllowed
                0x000000000043dc3c                htmlNodeStatus
                0x000000000043dd00                htmlCtxtReset
                0x000000000043df5c                htmlCtxtUseOptions
                0x000000000043e110                htmlReadDoc
                0x000000000043e184                htmlReadFile
                0x000000000043e1d8                htmlReadMemory
                0x000000000043e274                htmlReadFd
                0x000000000043e338                htmlReadIO
                0x000000000043e40c                htmlCtxtReadDoc
                0x000000000043e49c                htmlCtxtReadFile
                0x000000000043e520                htmlCtxtReadMemory
                0x000000000043e5ec                htmlCtxtReadFd
                0x000000000043e6a4                htmlCtxtReadIO
 .text          0x000000000043e778     0x14f8 lib/libxml2.a(HTMLtree.o)
                0x000000000043e778                htmlGetMetaEncoding
                0x000000000043ea14                htmlSetMetaEncoding
                0x000000000043ed3c                htmlIsBooleanAttr
                0x000000000043ef94                htmlDocContentDumpFormatOutput
                0x000000000043f0c4                htmlNodeDumpFormatOutput
                0x000000000043f6dc                htmlNodeDumpFileFormat
                0x000000000043f7a0                htmlNodeDumpFile
                0x000000000043f7ac                htmlNodeDumpOutput
                0x000000000043f7b4                htmlNodeDump
                0x000000000043f890                htmlDocDumpMemoryFormat
                0x000000000043f9a0                htmlDocDumpMemory
                0x000000000043f9a8                htmlDocContentDumpOutput
                0x000000000043f9b0                htmlDocDump
                0x000000000043fa80                htmlSaveFile
                0x000000000043fb58                htmlSaveFileFormat
                0x000000000043fc68                htmlSaveFileEnc
 .text          0x000000000043fc70    0x13108 lib/libxml2.a(xpath.o)
                0x0000000000440354                xmlXPathNextSelf
                0x0000000000440374                xmlXPathNextChild
                0x00000000004403dc                xmlXPathNextDescendant
                0x0000000000440494                xmlXPathNextDescendantOrSelf
                0x00000000004404d0                xmlXPathNextFollowingSibling
                0x0000000000440518                xmlXPathNextPrecedingSibling
                0x0000000000440578                xmlXPathNextFollowing
                0x00000000004406c8                xmlXPathNextAttribute
                0x0000000000440960                xmlXPathNextParent
                0x0000000000440a40                xmlXPathNextAncestor
                0x0000000000440bbc                xmlXPathNextAncestorOrSelf
                0x0000000000440ef8                xmlXPathNextNamespace
                0x00000000004421d4                xmlXPathInit
                0x00000000004421e8                xmlXPathIsNaN
                0x00000000004421ec                xmlXPathIsInf
                0x000000000044221c                xmlXPathErr
                0x0000000000442a28                xmlXPatherror
                0x0000000000442a30                xmlXPathDebugDumpObject
                0x0000000000443a14                xmlXPathDebugDumpCompExpr
                0x0000000000443adc                xmlXPathContextSetCache
                0x0000000000443be4                valuePop
                0x0000000000443c34                valuePush
                0x0000000000443cf0                xmlXPathOrderDocElems
                0x0000000000443d80                xmlXPathCmpNodes
                0x0000000000444040                xmlXPathNodeSetSort
                0x000000000044413c                xmlXPathNodeSetFreeNs
                0x00000000004442f4                xmlXPathNodeSetCreate
                0x0000000000444a08                xmlXPathNodeSetContains
                0x0000000000444b04                xmlXPathNodeSetAddNs
                0x0000000000444c8c                xmlXPathNodeSetAdd
                0x0000000000444c9c                xmlXPathNodeSetAddUnique
                0x0000000000444cac                xmlXPathNodeSetMerge
                0x0000000000444ee0                xmlXPathNodeSetDel
                0x0000000000444fc0                xmlXPathNodeSetRemove
                0x000000000044506c                xmlXPathFreeNodeSet
                0x0000000000445110                xmlXPathFreeObject
                0x00000000004451c0                xmlXPathFreeCompExpr
                0x00000000004455c8                xmlXPathPopNodeSet
                0x000000000044565c                xmlXPathPopExternal
                0x0000000000445700                xmlXPathNewNodeSet
                0x0000000000445be4                xmlXPathNewValueTree
                0x0000000000445c60                xmlXPathNewNodeSetList
                0x0000000000445d00                xmlXPathWrapNodeSet
                0x0000000000445dac                xmlXPathFreeNodeSetList
                0x0000000000445dcc                xmlXPathDifference
                0x0000000000445e9c                xmlXPathIntersection
                0x0000000000445f6c                xmlXPathHasSameNodes
                0x0000000000446014                xmlXPathNodeLeadingSorted
                0x00000000004460f4                xmlXPathNodeLeading
                0x0000000000446120                xmlXPathLeadingSorted
                0x0000000000446150                xmlXPathLeading
                0x00000000004461e8                xmlXPathNodeTrailingSorted
                0x00000000004462dc                xmlXPathNodeTrailing
                0x0000000000446308                xmlXPathTrailingSorted
                0x0000000000446338                xmlXPathTrailing
                0x00000000004463d0                xmlXPathRegisterFuncNS
                0x0000000000446440                xmlXPathRegisterFunc
                0x000000000044644c                xmlXPathRegisterFuncLookup
                0x000000000044645c                xmlXPathFunctionLookupNS
                0x00000000004464cc                xmlXPathFunctionLookup
                0x0000000000446520                xmlXPathRegisteredFuncsCleanup
                0x0000000000446550                xmlXPathRegisterVariableNS
                0x00000000004465d0                xmlXPathRegisterVariable
                0x00000000004465dc                xmlXPathRegisterVariableLookup
                0x00000000004465ec                xmlXPathRegisteredVariablesCleanup
                0x0000000000446620                xmlXPathRegisterNs
                0x00000000004466c8                xmlXPathNsLookup
                0x00000000004467a0                xmlXPathRegisteredNsCleanup
                0x00000000004467d4                xmlXPathNewFloat
                0x00000000004468b8                xmlXPathLastFunction
                0x0000000000446928                xmlXPathPositionFunction
                0x0000000000446998                xmlXPathCountFunction
                0x0000000000446aac                xmlXPathNewBoolean
                0x0000000000446ba8                xmlXPathTrueFunction
                0x0000000000446bfc                xmlXPathFalseFunction
                0x0000000000446c4c                xmlXPathNewString
                0x0000000000446d88                xmlXPathWrapString
                0x0000000000446e6c                xmlXPathNewCString
                0x0000000000446f98                xmlXPathNamespaceURIFunction
                0x00000000004470ac                xmlXPathLocalNameFunction
                0x0000000000447384                xmlXPathWrapCString
                0x0000000000447388                xmlXPathWrapExternal
                0x00000000004473f0                xmlXPathObjectCopy
                0x0000000000447620                xmlXPathVariableLookupNS
                0x000000000044769c                xmlXPathVariableLookup
                0x00000000004476d4                xmlXPathCastBooleanToString
                0x00000000004476f0                xmlXPathCastNumberToString
                0x00000000004479d0                xmlXPathCastNodeToString
                0x00000000004479f8                xmlXPathDistinctSorted
                0x0000000000447b38                xmlXPathDistinct
                0x0000000000447b84                xmlXPathCastNodeSetToString
                0x0000000000447ce0                xmlXPathIdFunction
                0x0000000000447e84                xmlXPathStringFunction
                0x0000000000447f28                xmlXPathStringLengthFunction
                0x000000000044806c                xmlXPathConcatFunction
                0x00000000004481bc                xmlXPathContainsFunction
                0x0000000000448324                xmlXPathStartsWithFunction
                0x000000000044849c                xmlXPathSubstringBeforeFunction
                0x00000000004485c4                xmlXPathSubstringAfterFunction
                0x0000000000448714                xmlXPathNormalizeFunction
                0x0000000000448904                xmlXPathTranslateFunction
                0x0000000000448b34                xmlXPathLangFunction
                0x0000000000448cb8                xmlXPathCastToString
                0x0000000000448d78                xmlXPathPopString
                0x0000000000448e08                xmlXPathConvertString
                0x0000000000448ee4                xmlXPathCastBooleanToNumber
                0x0000000000448ef8                xmlXPathCastNumberToBoolean
                0x0000000000448f30                xmlXPathCastStringToBoolean
                0x0000000000448f58                xmlXPathCastNodeSetToBoolean
                0x0000000000448f6c                xmlXPathCastToBoolean
                0x000000000044909c                xmlXPathPopBoolean
                0x00000000004493a0                xmlXPathBooleanFunction
                0x0000000000449454                xmlXPathNotFunction
                0x00000000004494dc                xmlXPathConvertBoolean
                0x0000000000449530                xmlXPathFreeContext
                0x00000000004495a8                xmlXPathNewParserContext
                0x000000000044967c                xmlXPathFreeParserContext
                0x00000000004496dc                xmlXPathNextPreceding
                0x00000000004497bc                xmlXPathRoot
                0x0000000000449808                xmlXPathParseNCName
                0x0000000000449980                xmlXPathParseName
                0x0000000000449a60                xmlXPathStringEvalNumber
                0x0000000000449d70                xmlXPathCastStringToNumber
                0x0000000000449d74                xmlXPathCastNodeToNumber
                0x0000000000449fe8                xmlXPathSumFunction
                0x000000000044a0fc                xmlXPathCastNodeSetToNumber
                0x000000000044a150                xmlXPathCastToNumber
                0x000000000044a218                xmlXPathPopNumber
                0x000000000044a2a0                xmlXPathConvertNumber
                0x000000000044a2f8                xmlXPathNumberFunction
                0x000000000044a880                xmlXPathEqualValues
                0x000000000044aa9c                xmlXPathNotEqualValues
                0x000000000044acc0                xmlXPathCompareValues
                0x000000000044b304                xmlXPathValueFlipSign
                0x000000000044b414                xmlXPathAddValues
                0x000000000044b4c8                xmlXPathSubValues
                0x000000000044b57c                xmlXPathMultValues
                0x000000000044b630                xmlXPathDivValues
                0x000000000044b7a4                xmlXPathModValues
                0x000000000044b880                xmlXPathSubstringFunction
                0x000000000044bb44                xmlXPathFloorFunction
                0x000000000044bc10                xmlXPathCeilingFunction
                0x000000000044bcf8                xmlXPathRoundFunction
                0x000000000044f6f8                xmlXPathIsNodeType
                0x0000000000452310                xmlXPathEvalPredicate
                0x00000000004523fc                xmlXPathEvaluatePredicateResult
                0x0000000000452410                xmlXPathCtxtCompile
                0x0000000000452538                xmlXPathCompile
                0x0000000000452544                xmlXPathCompiledEval
                0x0000000000452568                xmlXPathCompiledEvalToBoolean
                0x0000000000452574                xmlXPathEvalExpr
                0x0000000000452668                xmlXPathEval
                0x0000000000452830                xmlXPathEvalExpression
                0x00000000004529b0                xmlXPathRegisterAllFunctions
                0x0000000000452cd8                xmlXPathNewContext
 .text          0x0000000000452d78     0x3698 lib/libxml2.a(xpointer.o)
                0x0000000000453440                xmlXPtrNewRange
                0x00000000004534f8                xmlXPtrNewRangePoints
                0x00000000004535c8                xmlXPtrNewRangePointNode
                0x0000000000453678                xmlXPtrNewRangeNodePoint
                0x0000000000453744                xmlXPtrNewRangeNodes
                0x00000000004537e0                xmlXPtrNewCollapsedRange
                0x000000000045385c                xmlXPtrNewRangeNodeObject
                0x00000000004539cc                xmlXPtrLocationSetCreate
                0x0000000000453aac                xmlXPtrLocationSetAdd
                0x0000000000453abc                xmlXPtrLocationSetMerge
                0x0000000000453b3c                xmlXPtrLocationSetDel
                0x0000000000453bdc                xmlXPtrLocationSetRemove
                0x0000000000453c40                xmlXPtrFreeLocationSet
                0x0000000000453cc0                xmlXPtrNewLocationSetNodes
                0x0000000000453d5c                xmlXPtrHereFunction
                0x0000000000453dcc                xmlXPtrOriginFunction
                0x0000000000453e3c                xmlXPtrNewLocationSetNodeSet
                0x0000000000453f1c                xmlXPtrWrapLocationSet
                0x0000000000453f84                xmlXPtrStartPointFunction
                0x000000000045413c                xmlXPtrEndPointFunction
                0x00000000004542f8                xmlXPtrRangeFunction
                0x00000000004545b8                xmlXPtrRangeInsideFunction
                0x0000000000454880                xmlXPtrRangeToFunction
                0x0000000000454a54                xmlXPtrNewContext
                0x0000000000454b58                xmlXPtrEval
                0x000000000045529c                xmlXPtrAdvanceNode
                0x000000000045539c                xmlXPtrBuildNodeList
                0x0000000000455b00                xmlXPtrStringRangeFunction
                0x000000000045611c                xmlXPtrEvalRangePredicate
 .text          0x0000000000456410     0x1fa0 lib/libxml2.a(nanohttp.o)
                0x00000000004572c0                xmlNanoHTTPCleanup
                0x00000000004572fc                xmlNanoHTTPScanProxy
                0x0000000000457478                xmlNanoHTTPInit
                0x000000000045748c                xmlNanoHTTPRead
                0x0000000000457540                xmlNanoHTTPClose
                0x000000000045754c                xmlNanoHTTPMethodRedir
                0x0000000000458150                xmlNanoHTTPOpenRedir
                0x000000000045817c                xmlNanoHTTPOpen
                0x00000000004581a0                xmlNanoHTTPMethod
                0x00000000004581b0                xmlNanoHTTPFetch
                0x000000000045829c                xmlNanoHTTPSave
                0x0000000000458358                xmlNanoHTTPReturnCode
                0x000000000045836c                xmlNanoHTTPAuthHeader
                0x0000000000458378                xmlNanoHTTPContentLength
                0x000000000045838c                xmlNanoHTTPRedir
                0x0000000000458398                xmlNanoHTTPEncoding
                0x00000000004583a4                xmlNanoHTTPMimeType
 .text          0x00000000004583b0     0x26d8 lib/libxml2.a(nanoftp.o)
                0x0000000000458778                xmlNanoFTPCleanup
                0x00000000004587ec                xmlNanoFTPProxy
                0x00000000004588e0                xmlNanoFTPUpdateURL
                0x00000000004589f4                xmlNanoFTPScanProxy
                0x0000000000458af8                xmlNanoFTPInit
                0x0000000000458bd8                xmlNanoFTPNewCtxt
                0x0000000000458cc0                xmlNanoFTPFreeCtxt
                0x0000000000458d44                xmlNanoFTPGetResponse
                0x0000000000458d48                xmlNanoFTPCheckResponse
                0x0000000000458e20                xmlNanoFTPQuit
                0x0000000000458eac                xmlNanoFTPConnect
                0x00000000004595a0                xmlNanoFTPConnectTo
                0x0000000000459624                xmlNanoFTPCwd
                0x00000000004596e4                xmlNanoFTPDele
                0x00000000004597a4                xmlNanoFTPGetConnection
                0x0000000000459c14                xmlNanoFTPCloseConnection
                0x0000000000459d48                xmlNanoFTPList
                0x000000000045a5b8                xmlNanoFTPGetSocket
                0x000000000045a720                xmlNanoFTPGet
                0x000000000045a900                xmlNanoFTPRead
                0x000000000045a99c                xmlNanoFTPOpen
                0x000000000045aa20                xmlNanoFTPClose
 .text          0x000000000045aa88     0x4f9c lib/libxml2.a(catalog.o)
                0x000000000045cc8c                xmlFreeCatalog
                0x000000000045cce8                xmlConvertSGMLCatalog
                0x000000000045cd6c                xmlParseCatalogFile
                0x000000000045df28                xmlLoadSGMLSuperCatalog
                0x000000000045dfc4                xmlLoadACatalog
                0x000000000045e0fc                xmlACatalogResolveSystem
                0x000000000045e1a4                xmlACatalogResolvePublic
                0x000000000045e24c                xmlACatalogResolve
                0x000000000045e390                xmlACatalogResolveURI
                0x000000000045e43c                xmlACatalogDump
                0x000000000045e588                xmlACatalogAdd
                0x000000000045ea2c                xmlACatalogRemove
                0x000000000045eb6c                xmlNewCatalog
                0x000000000045ebd4                xmlCatalogIsEmpty
                0x000000000045ec48                xmlInitializeCatalog
                0x000000000045ee48                xmlLoadCatalog
                0x000000000045eeec                xmlLoadCatalogs
                0x000000000045f024                xmlCatalogCleanup
                0x000000000045f0d0                xmlCatalogResolveSystem
                0x000000000045f110                xmlCatalogResolvePublic
                0x000000000045f150                xmlCatalogResolve
                0x000000000045f19c                xmlCatalogResolveURI
                0x000000000045f1dc                xmlCatalogDump
                0x000000000045f240                xmlCatalogAdd
                0x000000000045f328                xmlCatalogRemove
                0x000000000045f380                xmlCatalogConvert
                0x000000000045f3d0                xmlCatalogGetDefaults
                0x000000000045f3dc                xmlCatalogSetDefaults
                0x000000000045f4ec                xmlCatalogSetDefaultPrefer
                0x000000000045f580                xmlCatalogSetDebug
                0x000000000045f598                xmlCatalogFreeLocal
                0x000000000045f5e0                xmlCatalogAddLocal
                0x000000000045f694                xmlCatalogLocalResolve
                0x000000000045f794                xmlCatalogLocalResolveURI
                0x000000000045f834                xmlCatalogGetSystem
                0x000000000045f92c                xmlCatalogGetPublic
 .text          0x000000000045fa24      0xd48 lib/libxml2.a(globals.o)
                0x000000000045fa24                xmlInitGlobals
                0x000000000045fa40                xmlCleanupGlobals
                0x000000000045fa6c                xmlInitializeGlobalState
                0x000000000045fc08                xmlThrDefSetGenericErrorFunc
                0x000000000045fc7c                xmlThrDefSetStructuredErrorFunc
                0x000000000045fcc4                xmlRegisterNodeDefault
                0x000000000045fce8                xmlThrDefRegisterNodeDefault
                0x000000000045fd3c                xmlDeregisterNodeDefault
                0x000000000045fd60                xmlThrDefDeregisterNodeDefault
                0x000000000045fdb4                xmlThrDefParserInputBufferCreateFilenameDefault
                0x000000000045fe10                xmlThrDefOutputBufferCreateFilenameDefault
                0x000000000045fe6c                __docbDefaultSAXHandler
                0x000000000045fea0                __htmlDefaultSAXHandler
                0x000000000045fed4                __xmlLastError
                0x000000000045ff04                __oldXMLWDcompatibility
                0x000000000045ff38                __xmlBufferAllocScheme
                0x000000000045ff6c                xmlThrDefBufferAllocScheme
                0x000000000045ffac                __xmlDefaultBufferSize
                0x000000000045ffe0                xmlThrDefDefaultBufferSize
                0x0000000000460024                __xmlDefaultSAXHandler
                0x0000000000460058                __xmlDefaultSAXLocator
                0x000000000046008c                __xmlDoValidityCheckingDefaultValue
                0x00000000004600c0                xmlThrDefDoValidityCheckingDefaultValue
                0x0000000000460108                __xmlGenericError
                0x000000000046013c                __xmlStructuredError
                0x0000000000460170                __xmlGenericErrorContext
                0x00000000004601a4                __xmlGetWarningsDefaultValue
                0x00000000004601d8                xmlThrDefGetWarningsDefaultValue
                0x000000000046021c                __xmlIndentTreeOutput
                0x0000000000460250                xmlThrDefIndentTreeOutput
                0x0000000000460294                __xmlTreeIndentString
                0x00000000004602c8                xmlThrDefTreeIndentString
                0x000000000046030c                __xmlKeepBlanksDefaultValue
                0x0000000000460340                xmlThrDefKeepBlanksDefaultValue
                0x0000000000460384                __xmlLineNumbersDefaultValue
                0x00000000004603b8                xmlThrDefLineNumbersDefaultValue
                0x0000000000460400                __xmlLoadExtDtdDefaultValue
                0x0000000000460434                xmlThrDefLoadExtDtdDefaultValue
                0x000000000046047c                __xmlParserDebugEntities
                0x00000000004604b0                xmlThrDefParserDebugEntities
                0x00000000004604f8                __xmlParserVersion
                0x0000000000460528                __xmlPedanticParserDefaultValue
                0x000000000046055c                xmlThrDefPedanticParserDefaultValue
                0x00000000004605a4                __xmlSaveNoEmptyTags
                0x00000000004605d8                xmlThrDefSaveNoEmptyTags
                0x0000000000460620                __xmlSubstituteEntitiesDefaultValue
                0x0000000000460654                xmlThrDefSubstituteEntitiesDefaultValue
                0x000000000046069c                __xmlRegisterNodeDefaultValue
                0x00000000004606d0                __xmlDeregisterNodeDefaultValue
                0x0000000000460704                __xmlParserInputBufferCreateFilenameValue
                0x0000000000460738                __xmlOutputBufferCreateFilenameValue
 *fill*         0x000000000046076c        0x4 00000000
 .text          0x0000000000460770      0x710 lib/libxml2.a(threads.o)
                0x00000000004608e4                xmlNewMutex
                0x0000000000460934                xmlFreeMutex
                0x0000000000460984                xmlMutexLock
                0x000000000046099c                xmlMutexUnlock
                0x00000000004609b4                xmlNewRMutex
                0x0000000000460a18                xmlFreeRMutex
                0x0000000000460a70                xmlRMutexLock
                0x0000000000460a88                xmlRMutexUnlock
                0x0000000000460aa0                __xmlGlobalInitMutexLock
                0x0000000000460ab0                __xmlGlobalInitMutexUnlock
                0x0000000000460ac0                xmlGetGlobalState
                0x0000000000460b60                xmlGetThreadId
                0x0000000000460b80                xmlIsMainThread
                0x0000000000460d20                xmlLockLibrary
                0x0000000000460d24                xmlUnlockLibrary
                0x0000000000460d28                xmlInitThreads
                0x0000000000460e78                xmlCleanupThreads
 .text          0x0000000000460e80      0xf78 lib/libxml2.a(xmlstring.o)
                0x0000000000460e80                xmlStrndup
                0x0000000000460f08                xmlStrdup
                0x0000000000460f34                xmlCharStrndup
                0x0000000000460ff8                xmlCharStrdup
                0x0000000000461024                xmlStrcmp
                0x0000000000461074                xmlStrEqual
                0x00000000004610b4                xmlStrQEqual
                0x0000000000461170                xmlStrncmp
                0x00000000004611a8                xmlStrcasecmp
[...]
 .debug_abbrev  0x000000000000029e      0x1cf sw/osal_hal/liboal_hal.a(hal_uart.o)
 .debug_abbrev  0x000000000000046d      0x266 sw/osal_hal/liboal_hal.a(led_uart.o)
 .debug_abbrev  0x00000000000006d3      0x5db lib/libxml2.a(parser.o)
 .debug_abbrev  0x0000000000000cae      0x682 lib/libxml2.a(tree.o)
 .debug_abbrev  0x0000000000001330      0x327 lib/libxml2.a(hash.o)
 .debug_abbrev  0x0000000000001657      0x593 lib/libxml2.a(xmlIO.o)
 .debug_abbrev  0x0000000000001bea      0x35d lib/libxml2.a(xmlmemory.o)
 .debug_abbrev  0x0000000000001f47      0x437 lib/libxml2.a(uri.o)
 .debug_abbrev  0x000000000000237e      0x59e lib/libxml2.a(valid.o)
 .debug_abbrev  0x000000000000291c      0x632 lib/libxml2.a(HTMLparser.o)
 .debug_abbrev  0x0000000000002f4e      0x40e lib/libxml2.a(HTMLtree.o)
 .debug_abbrev  0x000000000000335c      0x68a lib/libxml2.a(xpath.o)
 .debug_abbrev  0x00000000000039e6      0x552 lib/libxml2.a(xpointer.o)
 .debug_abbrev  0x0000000000003f38      0x579 lib/libxml2.a(nanohttp.o)
 .debug_abbrev  0x00000000000044b1      0x4f9 lib/libxml2.a(nanoftp.o)
 .debug_abbrev  0x00000000000049aa      0x585 lib/libxml2.a(catalog.o)
 .debug_abbrev  0x0000000000004f2f      0x298 lib/libxml2.a(globals.o)
 .debug_abbrev  0x00000000000051c7      0x42f lib/libxml2.a(threads.o)
 .debug_abbrev  0x00000000000055f6      0x426 lib/libxml2.a(xmlstring.o)
 .debug_abbrev  0x0000000000005a1c      0x5a3 lib/libxml2.a(xmlregexp.o)
 .debug_abbrev  0x0000000000005fbf      0x54a lib/libxml2.a(xmlschemastypes.o)
 .debug_abbrev  0x0000000000006509      0x231 lib/libxml2.a(xmlunicode.o)
 .debug_abbrev  0x000000000000673a      0x533 lib/libxml2.a(relaxng.o)
 .debug_abbrev  0x0000000000006c6d      0x3bc lib/libxml2.a(dict.o)
 .debug_abbrev  0x0000000000007029      0x548 lib/libxml2.a(SAX2.o)
 .debug_abbrev  0x0000000000007571      0x1c5 lib/libxml2.a(chvalid.o)
 .debug_abbrev  0x0000000000007736      0x4ad lib/libxml2.a(pattern.o)
 .debug_abbrev  0x0000000000007be3      0x548 lib/libxml2.a(xmlsave.o)
 .debug_abbrev  0x000000000000812b      0x15a lib/libxml2.a(SAX.o)
 .debug_abbrev  0x0000000000008285      0x462 lib/libxml2.a(entities.o)
 .debug_abbrev  0x00000000000086e7      0x516 lib/libxml2.a(encoding.o)
 .debug_abbrev  0x0000000000008bfd      0x40d lib/libxml2.a(error.o)
 .debug_abbrev  0x000000000000900a      0x569 lib/libxml2.a(parserInternals.o)
 .debug_abbrev  0x0000000000009573      0x356 lib/libxml2.a(list.o)
 .debug_abbrev  0x00000000000098c9      0x54a lib/libxml2.a(debugXML.o)
 .debug_abbrev  0x0000000000009e13      0x5b1 lib/libxml2.a(xmlschemas.o)
 .debug_abbrev  0x000000000000a3c4      0x5e9 lib/libxml2.a(xmlreader.o)
 .debug_abbrev  0x000000000000a9ad      0x504 lib/libxml2.a(xinclude.o)

.debug_line     0x0000000000000000    0x2d722
 *(.debug_line .debug_line.* .debug_line_end)
 .debug_line    0x0000000000000000      0x3d2 out/Adu/obj/sw/osal_hal/test/libxml_test.o
 .debug_line    0x00000000000003d2      0x318 sw/osal_hal/liboal_hal.a(hal_uart.o)
 .debug_line    0x00000000000006ea      0x316 sw/osal_hal/liboal_hal.a(led_uart.o)
 .debug_line    0x0000000000000a00     0x4f62 lib/libxml2.a(parser.o)
 .debug_line    0x0000000000005962     0x2c60 lib/libxml2.a(tree.o)
 .debug_line    0x00000000000085c2      0x579 lib/libxml2.a(hash.o)
 .debug_line    0x0000000000008b3b      0xd4a lib/libxml2.a(xmlIO.o)
 .debug_line    0x0000000000009885      0x4a7 lib/libxml2.a(xmlmemory.o)
 .debug_line    0x0000000000009d2c      0xd6e lib/libxml2.a(uri.o)
 .debug_line    0x000000000000aa9a     0x1f0c lib/libxml2.a(valid.o)
 .debug_line    0x000000000000c9a6     0x1c20 lib/libxml2.a(HTMLparser.o)
 .debug_line    0x000000000000e5c6      0x63c lib/libxml2.a(HTMLtree.o)
 .debug_line    0x000000000000ec02     0x43e9 lib/libxml2.a(xpath.o)
 .debug_line    0x0000000000012feb      0xdb6 lib/libxml2.a(xpointer.o)
 .debug_line    0x0000000000013da1      0xa7e lib/libxml2.a(nanohttp.o)
 .debug_line    0x000000000001481f      0xb23 lib/libxml2.a(nanoftp.o)
 .debug_line    0x0000000000015342     0x1042 lib/libxml2.a(catalog.o)
 .debug_line    0x0000000000016384      0x49e lib/libxml2.a(globals.o)
 .debug_line    0x0000000000016822      0x3db lib/libxml2.a(threads.o)
 .debug_line    0x0000000000016bfd      0x5dc lib/libxml2.a(xmlstring.o)
 .debug_line    0x00000000000171d9     0x238c lib/libxml2.a(xmlregexp.o)
 .debug_line    0x0000000000019565     0x185b lib/libxml2.a(xmlschemastypes.o)
 .debug_line    0x000000000001adc0      0x5a5 lib/libxml2.a(xmlunicode.o)
 .debug_line    0x000000000001b365     0x2c87 lib/libxml2.a(relaxng.o)
 .debug_line    0x000000000001dfec      0x52e lib/libxml2.a(dict.o)
 .debug_line    0x000000000001e51a      0xfe2 lib/libxml2.a(SAX2.o)
 .debug_line    0x000000000001f4fc      0x2aa lib/libxml2.a(chvalid.o)
 .debug_line    0x000000000001f7a6      0xbab lib/libxml2.a(pattern.o)
 .debug_line    0x0000000000020351      0xc85 lib/libxml2.a(xmlsave.o)
 .debug_line    0x0000000000020fd6      0x30a lib/libxml2.a(SAX.o)
 .debug_line    0x00000000000212e0      0x63b lib/libxml2.a(entities.o)
 .debug_line    0x000000000002191b      0xc57 lib/libxml2.a(encoding.o)
 .debug_line    0x0000000000022572      0x765 lib/libxml2.a(error.o)
 .debug_line    0x0000000000022cd7      0xa46 lib/libxml2.a(parserInternals.o)
 .debug_line    0x000000000002371d      0x3d1 lib/libxml2.a(list.o)
 .debug_line    0x0000000000023aee      0xfab lib/libxml2.a(debugXML.o)
 .debug_line    0x0000000000024a99     0x6b29 lib/libxml2.a(xmlschemas.o)
 .debug_line    0x000000000002b5c2     0x16d0 lib/libxml2.a(xmlreader.o)
 .debug_line    0x000000000002cc92      0xa90 lib/libxml2.a(xinclude.o)

.debug_frame    0x0000000000000000    0x21fb0
 *(.debug_frame)
 .debug_frame   0x0000000000000000     0x2908 lib/libxml2.a(parser.o)
 .debug_frame   0x0000000000002908     0x27f0 lib/libxml2.a(tree.o)
 .debug_frame   0x00000000000050f8      0x4c0 lib/libxml2.a(hash.o)
 .debug_frame   0x00000000000055b8     0x10b8 lib/libxml2.a(xmlIO.o)
 .debug_frame   0x0000000000006670      0x3c8 lib/libxml2.a(xmlmemory.o)
 .debug_frame   0x0000000000006a38      0x610 lib/libxml2.a(uri.o)
 .debug_frame   0x0000000000007048     0x1b58 lib/libxml2.a(valid.o)
 .debug_frame   0x0000000000008ba0     0x13f8 lib/libxml2.a(HTMLparser.o)
 .debug_frame   0x0000000000009f98      0x488 lib/libxml2.a(HTMLtree.o)
 .debug_frame   0x000000000000a420     0x3c38 lib/libxml2.a(xpath.o)
 .debug_frame   0x000000000000e058      0xc00 lib/libxml2.a(xpointer.o)
 .debug_frame   0x000000000000ec58      0x5e8 lib/libxml2.a(nanohttp.o)
 .debug_frame   0x000000000000f240      0x788 lib/libxml2.a(nanoftp.o)
 .debug_frame   0x000000000000f9c8     0x11e0 lib/libxml2.a(catalog.o)
 .debug_frame   0x0000000000010ba8      0xac8 lib/libxml2.a(globals.o)
 .debug_frame   0x0000000000011670      0x398 lib/libxml2.a(threads.o)
 .debug_frame   0x0000000000011a08      0x530 lib/libxml2.a(xmlstring.o)
 .debug_frame   0x0000000000011f38     0x1db8 lib/libxml2.a(xmlregexp.o)
 .debug_frame   0x0000000000013cf0      0x9e8 lib/libxml2.a(xmlschemastypes.o)
 .debug_frame   0x00000000000146d8     0x1020 lib/libxml2.a(xmlunicode.o)
 .debug_frame   0x00000000000156f8     0x1eb8 lib/libxml2.a(relaxng.o)
 .debug_frame   0x00000000000175b0      0x370 lib/libxml2.a(dict.o)
 .debug_frame   0x0000000000017920      0xab0 lib/libxml2.a(SAX2.o)
 .debug_frame   0x00000000000183d0       0xe8 lib/libxml2.a(chvalid.o)
 .debug_frame   0x00000000000184b8      0x650 lib/libxml2.a(pattern.o)
 .debug_frame   0x0000000000018b08      0xb78 lib/libxml2.a(xmlsave.o)
 .debug_frame   0x0000000000019680       0x58 lib/libxml2.a(SAX.o)
 .debug_frame   0x00000000000196d8      0x490 lib/libxml2.a(entities.o)
 .debug_frame   0x0000000000019b68      0x7c0 lib/libxml2.a(encoding.o)
 .debug_frame   0x000000000001a328      0x550 lib/libxml2.a(error.o)
 .debug_frame   0x000000000001a878      0x8a8 lib/libxml2.a(parserInternals.o)
 .debug_frame   0x000000000001b120      0x648 lib/libxml2.a(list.o)
 .debug_frame   0x000000000001b768      0xc60 lib/libxml2.a(debugXML.o)
 .debug_frame   0x000000000001c3c8     0x3f68 lib/libxml2.a(xmlschemas.o)
 .debug_frame   0x0000000000020330     0x1730 lib/libxml2.a(xmlreader.o)
 .debug_frame   0x0000000000021a60      0x4e8 lib/libxml2.a(xinclude.o)
 .debug_frame   0x0000000000021f48       0x68 /home/wsj/share/code/gcc-linaro-aarch64-linux-gnu-4.9-2014.07_linux/bin/../aarch64-linux-gnu/libc/usr/lib/aarch64-linux-gnu/libc_nonshared.a(elf-init.oS)

.debug_str      0x0000000000000000    0x1eaa4
 *(.debug_str)
 .debug_str     0x0000000000000000      0x7f8 out/Adu/obj/sw/osal_hal/test/libxml_test.o
                                        0x983 (size before relaxing)
 .debug_str     0x00000000000007f8     0x103f sw/osal_hal/liboal_hal.a(hal_uart.o)
                                       0x13a7 (size before relaxing)
 .debug_str     0x0000000000001837      0x502 sw/osal_hal/liboal_hal.a(led_uart.o)
                                       0x17c4 (size before relaxing)
 .debug_str     0x0000000000001d39     0x7b96 lib/libxml2.a(parser.o)
                                       0x84ee (size before relaxing)
 .debug_str     0x00000000000098cf     0x1169 lib/libxml2.a(tree.o)
                                       0x7b0e (size before relaxing)
 .debug_str     0x000000000000aa38      0x22d lib/libxml2.a(hash.o)
                                        0x650 (size before relaxing)
 .debug_str     0x000000000000ac65      0xc13 lib/libxml2.a(xmlIO.o)
                                       0x770e (size before relaxing)
 .debug_str     0x000000000000b878      0x29a lib/libxml2.a(xmlmemory.o)
                                        0x65e (size before relaxing)
 .debug_str     0x000000000000bb12      0x219 lib/libxml2.a(uri.o)
                                        0x6ae (size before relaxing)
 .debug_str     0x000000000000bd2b      0xbb2 lib/libxml2.a(valid.o)
                                       0x76f0 (size before relaxing)
 .debug_str     0x000000000000c8dd      0xd3c lib/libxml2.a(HTMLparser.o)
                                       0x7b04 (size before relaxing)
 .debug_str     0x000000000000d619      0x1d7 lib/libxml2.a(HTMLtree.o)
                                       0x5b9e (size before relaxing)
 .debug_str     0x000000000000d7f0     0x2828 lib/libxml2.a(xpath.o)
                                       0x8494 (size before relaxing)
 .debug_str     0x0000000000010018      0x41e lib/libxml2.a(xpointer.o)
                                       0x621d (size before relaxing)
 .debug_str     0x0000000000010436      0x705 lib/libxml2.a(nanohttp.o)
                                       0x5c9e (size before relaxing)
 .debug_str     0x0000000000010b3b      0x371 lib/libxml2.a(nanoftp.o)
                                       0x5c32 (size before relaxing)
 .debug_str     0x0000000000010eac      0x9e4 lib/libxml2.a(catalog.o)
                                       0x7655 (size before relaxing)
 .debug_str     0x0000000000011890      0x741 lib/libxml2.a(globals.o)
                                       0x1fdd (size before relaxing)
 .debug_str     0x0000000000011fd1      0x326 lib/libxml2.a(threads.o)
                                       0x1b66 (size before relaxing)
 .debug_str     0x00000000000122f7       0xe4 lib/libxml2.a(xmlstring.o)
                                       0x1968 (size before relaxing)
 .debug_str     0x00000000000123db     0x162e lib/libxml2.a(xmlregexp.o)
                                       0x7df2 (size before relaxing)
 .debug_str     0x0000000000013a09     0x1a90 lib/libxml2.a(xmlschemastypes.o)
                                       0x7464 (size before relaxing)
 .debug_str     0x0000000000015499      0xea2 lib/libxml2.a(xmlunicode.o)
                                       0x13cd (size before relaxing)
 .debug_str     0x000000000001633b     0x1b41 lib/libxml2.a(relaxng.o)
                                       0x80b9 (size before relaxing)
 .debug_str     0x0000000000017e7c      0x150 lib/libxml2.a(dict.o)
                                        0x589 (size before relaxing)
 .debug_str     0x0000000000017fcc      0x4be lib/libxml2.a(SAX2.o)
                                       0x74de (size before relaxing)
 .debug_str     0x000000000001848a      0x12c lib/libxml2.a(chvalid.o)
                                        0x482 (size before relaxing)
 .debug_str     0x00000000000185b6      0x35f lib/libxml2.a(pattern.o)
                                       0x1e30 (size before relaxing)
 .debug_str     0x0000000000018915      0x454 lib/libxml2.a(xmlsave.o)
                                       0x6359 (size before relaxing)
 .debug_str     0x0000000000018d69        0x6 lib/libxml2.a(SAX.o)
                                        0xfad (size before relaxing)
 .debug_str     0x0000000000018d6f      0x12b lib/libxml2.a(entities.o)
                                       0x5805 (size before relaxing)
 .debug_str     0x0000000000018e9a      0x2f2 lib/libxml2.a(encoding.o)
                                       0x6a63 (size before relaxing)
 .debug_str     0x000000000001918c      0x187 lib/libxml2.a(error.o)
                                       0x659d (size before relaxing)
 .debug_str     0x0000000000019313      0x156 lib/libxml2.a(parserInternals.o)
                                       0x6d3f (size before relaxing)
 .debug_str     0x0000000000019469      0x1e5 lib/libxml2.a(list.o)
                                        0x5ce (size before relaxing)
 .debug_str     0x000000000001964e      0x53d lib/libxml2.a(debugXML.o)
                                       0x6890 (size before relaxing)
 .debug_str     0x0000000000019b8b     0x38aa lib/libxml2.a(xmlschemas.o)
                                       0xbdad (size before relaxing)
 .debug_str     0x000000000001d435     0x12ab lib/libxml2.a(xmlreader.o)
                                       0x392f (size before relaxing)
 .debug_str     0x000000000001e6e0      0x3c4 lib/libxml2.a(xinclude.o)
                                       0x73cf (size before relaxing)

.debug_loc      0x0000000000000000   0x17c177
 *(.debug_loc)
 .debug_loc     0x0000000000000000      0x551 out/Adu/obj/sw/osal_hal/test/libxml_test.o
 .debug_loc     0x0000000000000551      0x332 sw/osal_hal/liboal_hal.a(hal_uart.o)
 .debug_loc     0x0000000000000883      0x588 sw/osal_hal/liboal_hal.a(led_uart.o)
 .debug_loc     0x0000000000000e0b    0x207b5 lib/libxml2.a(parser.o)
 .debug_loc     0x00000000000215c0    0x17e72 lib/libxml2.a(tree.o)
 .debug_loc     0x0000000000039432     0x300a lib/libxml2.a(hash.o)
 .debug_loc     0x000000000003c43c     0x7311 lib/libxml2.a(xmlIO.o)
 .debug_loc     0x000000000004374d     0x111c lib/libxml2.a(xmlmemory.o)
 .debug_loc     0x0000000000044869     0x5f28 lib/libxml2.a(uri.o)
 .debug_loc     0x000000000004a791    0x126b9 lib/libxml2.a(valid.o)
 .debug_loc     0x000000000005ce4a     0xc419 lib/libxml2.a(HTMLparser.o)
 .debug_loc     0x0000000000069263     0x3187 lib/libxml2.a(HTMLtree.o)
 .debug_loc     0x000000000006c3ea    0x254c6 lib/libxml2.a(xpath.o)
 .debug_loc     0x00000000000918b0     0x7a73 lib/libxml2.a(xpointer.o)
 .debug_loc     0x0000000000099323     0x3826 lib/libxml2.a(nanohttp.o)
 .debug_loc     0x000000000009cb49     0x43a3 lib/libxml2.a(nanoftp.o)
 .debug_loc     0x00000000000a0eec     0x8dd1 lib/libxml2.a(catalog.o)
 .debug_loc     0x00000000000a9cbd      0xbe8 lib/libxml2.a(globals.o)
 .debug_loc     0x00000000000aa8a5      0x591 lib/libxml2.a(threads.o)
 .debug_loc     0x00000000000aae36     0x2e84 lib/libxml2.a(xmlstring.o)
 .debug_loc     0x00000000000adcba    0x17068 lib/libxml2.a(xmlregexp.o)
 .debug_loc     0x00000000000c4d22     0xf222 lib/libxml2.a(xmlschemastypes.o)
 .debug_loc     0x00000000000d3f44     0x3d86 lib/libxml2.a(xmlunicode.o)
 .debug_loc     0x00000000000d7cca    0x1b3a0 lib/libxml2.a(relaxng.o)
 .debug_loc     0x00000000000f306a     0x1e76 lib/libxml2.a(dict.o)
 .debug_loc     0x00000000000f4ee0     0x7580 lib/libxml2.a(SAX2.o)
 .debug_loc     0x00000000000fc460      0x64e lib/libxml2.a(chvalid.o)
 .debug_loc     0x00000000000fcaae     0x472e lib/libxml2.a(pattern.o)
 .debug_loc     0x00000000001011dc     0x6302 lib/libxml2.a(xmlsave.o)
 .debug_loc     0x00000000001074de       0x4c lib/libxml2.a(SAX.o)
 .debug_loc     0x000000000010752a     0x2f21 lib/libxml2.a(entities.o)
 .debug_loc     0x000000000010a44b     0x5486 lib/libxml2.a(encoding.o)
 .debug_loc     0x000000000010f8d1     0x4373 lib/libxml2.a(error.o)
 .debug_loc     0x0000000000113c44     0x3654 lib/libxml2.a(parserInternals.o)
 .debug_loc     0x0000000000117298     0x1a2c lib/libxml2.a(list.o)
 .debug_loc     0x0000000000118cc4     0xa058 lib/libxml2.a(debugXML.o)
 .debug_loc     0x0000000000122d1c    0x4875a lib/libxml2.a(xmlschemas.o)
 .debug_loc     0x000000000016b476     0x9eea lib/libxml2.a(xmlreader.o)
 .debug_loc     0x0000000000175360     0x6e17 lib/libxml2.a(xinclude.o)

.debug_macinfo
 *(.debug_macinfo)

.debug_weaknames
 *(.debug_weaknames)

.debug_funcnames
 *(.debug_funcnames)

.debug_typenames
 *(.debug_typenames)

.debug_varnames
 *(.debug_varnames)

.debug_pubtypes
 *(.debug_pubtypes)

.debug_ranges   0x0000000000000000    0x193a0
 *(.debug_ranges)
 .debug_ranges  0x0000000000000000      0x120 out/Adu/obj/sw/osal_hal/test/libxml_test.o
 .debug_ranges  0x0000000000000120      0x110 sw/osal_hal/liboal_hal.a(hal_uart.o)
 .debug_ranges  0x0000000000000230      0x140 sw/osal_hal/liboal_hal.a(led_uart.o)
 .debug_ranges  0x0000000000000370     0x2150 lib/libxml2.a(parser.o)
 .debug_ranges  0x00000000000024c0     0x11d0 lib/libxml2.a(tree.o)
 .debug_ranges  0x0000000000003690       0x80 lib/libxml2.a(hash.o)
 .debug_ranges  0x0000000000003710      0x370 lib/libxml2.a(xmlIO.o)
 .debug_ranges  0x0000000000003a80      0x5e0 lib/libxml2.a(uri.o)
 .debug_ranges  0x0000000000004060      0xe30 lib/libxml2.a(valid.o)
 .debug_ranges  0x0000000000004e90      0xd00 lib/libxml2.a(HTMLparser.o)
 .debug_ranges  0x0000000000005b90      0x330 lib/libxml2.a(HTMLtree.o)
 .debug_ranges  0x0000000000005ec0     0x2e70 lib/libxml2.a(xpath.o)
 .debug_ranges  0x0000000000008d30      0xbb0 lib/libxml2.a(xpointer.o)
 .debug_ranges  0x00000000000098e0      0x3a0 lib/libxml2.a(nanohttp.o)
 .debug_ranges  0x0000000000009c80      0x3f0 lib/libxml2.a(nanoftp.o)
 .debug_ranges  0x000000000000a070      0x7e0 lib/libxml2.a(catalog.o)
 .debug_ranges  0x000000000000a850       0x60 lib/libxml2.a(threads.o)
 .debug_ranges  0x000000000000a8b0       0x80 lib/libxml2.a(xmlstring.o)
 .debug_ranges  0x000000000000a930     0x15b0 lib/libxml2.a(xmlregexp.o)
 .debug_ranges  0x000000000000bee0     0x1500 lib/libxml2.a(xmlschemastypes.o)
 .debug_ranges  0x000000000000d3e0       0x30 lib/libxml2.a(xmlunicode.o)
 .debug_ranges  0x000000000000d410     0x1c10 lib/libxml2.a(relaxng.o)
 .debug_ranges  0x000000000000f020      0x130 lib/libxml2.a(dict.o)
 .debug_ranges  0x000000000000f150      0x5d0 lib/libxml2.a(SAX2.o)
 .debug_ranges  0x000000000000f720      0x470 lib/libxml2.a(pattern.o)
 .debug_ranges  0x000000000000fb90      0x2d0 lib/libxml2.a(xmlsave.o)
 .debug_ranges  0x000000000000fe60      0x230 lib/libxml2.a(entities.o)
 .debug_ranges  0x0000000000010090      0x540 lib/libxml2.a(encoding.o)
 .debug_ranges  0x00000000000105d0      0x1a0 lib/libxml2.a(error.o)
 .debug_ranges  0x0000000000010770      0x2e0 lib/libxml2.a(parserInternals.o)
 .debug_ranges  0x0000000000010a50      0xbe0 lib/libxml2.a(debugXML.o)
 .debug_ranges  0x0000000000011630     0x6e80 lib/libxml2.a(xmlschemas.o)
 .debug_ranges  0x00000000000184b0      0x490 lib/libxml2.a(xmlreader.o)
 .debug_ranges  0x0000000000018940      0xa60 lib/libxml2.a(xinclude.o)

.debug_macro
 *(.debug_macro)

.ARM.attributes
 *(.ARM.attributes)
 *(.gnu.attributes)

.note.gnu.arm.ident
 *(.note.gnu.arm.ident)

/DISCARD/
 *(.note.GNU-stack)
 *(.gnu_debuglink)
 *(.gnu.lto_*)
OUTPUT(out/Adu/bin/adu.elf elf64-littleaarch64)
