Archive member included because of file (symbol)

lib/libxml2.a(parser.o)       out/Adu/obj/lib/test/b.o (xmlCleanupParser)
lib/libxml2.a(tree.o)         lib/libxml2.a(parser.o) (xmlBuildQName)
lib/libxml2.a(hash.o)         lib/libxml2.a(parser.o) (xmlHashCreateDict)
lib/libxml2.a(xmlIO.o)        lib/libxml2.a(parser.o) (xmlCleanupInputCallbacks)
lib/libxml2.a(xmlmemory.o)    lib/libxml2.a(parser.o) (xmlInitMemory)
lib/libxml2.a(uri.o)          lib/libxml2.a(parser.o) (xmlFreeURI)
lib/libxml2.a(valid.o)        lib/libxml2.a(parser.o) (xmlNewDocElementContent)
lib/libxml2.a(HTMLparser.o)   lib/libxml2.a(parser.o) (htmlInitAutoClose)
lib/libxml2.a(HTMLtree.o)     lib/libxml2.a(HTMLparser.o) (htmlIsBooleanAttr)
lib/libxml2.a(xpath.o)        lib/libxml2.a(parser.o) (xmlXPathInit)
lib/libxml2.a(xpointer.o)     lib/libxml2.a(xpath.o) (xmlXPtrNewRange)
lib/libxml2.a(nanohttp.o)     lib/libxml2.a(xmlIO.o) (xmlNanoHTTPRead)
lib/libxml2.a(nanoftp.o)      lib/libxml2.a(xmlIO.o) (xmlNanoFTPRead)
lib/libxml2.a(catalog.o)      lib/libxml2.a(parser.o) (xmlCatalogCleanup)
lib/libxml2.a(globals.o)      lib/libxml2.a(parser.o) (xmlInitGlobals)
lib/libxml2.a(threads.o)      lib/libxml2.a(xmlmemory.o) (xmlNewMutex)
lib/libxml2.a(xmlstring.o)    lib/libxml2.a(parser.o) (xmlStrndup)
lib/libxml2.a(xmlregexp.o)    lib/libxml2.a(valid.o) (xmlRegNewExecCtxt)
lib/libxml2.a(xmlschemastypes.o)
                              lib/libxml2.a(parser.o) (xmlSchemaCleanupTypes)
lib/libxml2.a(xmlunicode.o)   lib/libxml2.a(xmlregexp.o) (xmlUCSIsCatCc)
lib/libxml2.a(relaxng.o)      lib/libxml2.a(parser.o) (xmlRelaxNGCleanupTypes)
lib/libxml2.a(dict.o)         lib/libxml2.a(parser.o) (xmlDictCleanup)
lib/libxml2.a(SAX2.o)         lib/libxml2.a(globals.o) (xmlSAX2IsStandalone)
lib/libxml2.a(chvalid.o)      lib/libxml2.a(parser.o) (xmlCharInRange)
lib/libxml2.a(pattern.o)      lib/libxml2.a(xpath.o) (xmlFreePattern)
lib/libxml2.a(xmlsave.o)      lib/libxml2.a(HTMLtree.o) (xmlNsListDumpOutput)
lib/libxml2.a(SAX.o)          lib/libxml2.a(globals.o) (initxmlDefaultSAXHandler)
lib/libxml2.a(entities.o)     lib/libxml2.a(parser.o) (xmlGetPredefinedEntity)
lib/libxml2.a(encoding.o)     lib/libxml2.a(parser.o) (xmlDetectCharEncoding)
lib/libxml2.a(error.o)        lib/libxml2.a(parser.o) (xmlGenericErrorDefaultFunc)
lib/libxml2.a(parserInternals.o)
                              lib/libxml2.a(parser.o) (xmlErrMemory)
lib/libxml2.a(list.o)         lib/libxml2.a(valid.o) (xmlListCreate)
lib/libxml2.a(debugXML.o)     lib/libxml2.a(xpath.o) (xmlDebugDumpString)
lib/libxml2.a(xmlschemas.o)   lib/libxml2.a(xmlschemastypes.o) (xmlSchemaNewFacet)
lib/libxml2.a(xmlreader.o)    lib/libxml2.a(xmlschemas.o) (xmlTextReaderLookupNamespace)
lib/libxml2.a(xinclude.o)     lib/libxml2.a(xmlreader.o) (xmlXIncludeNewContext)
/home/wsj/share/code/gcc-linaro-aarch64-linux-gnu-4.9-2014.07_linux/bin/../aarch64-linux-gnu/libc/usr/lib/aarch64-linux-gnu/libc_nonshared.a(elf-init.oS)
                              /home/wsj/share/code/gcc-linaro-aarch64-linux-gnu-4.9-2014.07_linux/bin/../aarch64-linux-gnu/libc/usr/lib/aarch64-linux-gnu/crt1.o (__libc_csu_init)

Allocating common symbols
Common symbol       size              file

xmlLastError        0x58              lib/libxml2.a(globals.o)

Memory Configuration

Name             Origin             Length             Attributes
*default*        0x0000000000000000 0xffffffffffffffff

Linker script and memory map

LOAD /home/wsj/share/code/gcc-linaro-aarch64-linux-gnu-4.9-2014.07_linux/bin/../aarch64-linux-gnu/libc/usr/lib/aarch64-linux-gnu/crt1.o
LOAD /home/wsj/share/code/gcc-linaro-aarch64-linux-gnu-4.9-2014.07_linux/bin/../aarch64-linux-gnu/libc/usr/lib/aarch64-linux-gnu/crti.o
LOAD /home/wsj/share/code/gcc-linaro-aarch64-linux-gnu-4.9-2014.07_linux/bin/../lib/gcc/aarch64-linux-gnu/4.9.1/crtbegin.o
LOAD out/Adu/obj/lib/test/b.o
LOAD sw/osal_hal/liboal_hal.a
LOAD lib/libxml2.a
LOAD /home/wsj/share/code/gcc-linaro-aarch64-linux-gnu-4.9-2014.07_linux/bin/../aarch64-linux-gnu/libc/usr/lib/aarch64-linux-gnu/libpthread.so
START GROUP
LOAD /home/wsj/share/code/gcc-linaro-aarch64-linux-gnu-4.9-2014.07_linux/bin/../aarch64-linux-gnu/libc/lib/aarch64-linux-gnu/libpthread.so.0
LOAD /home/wsj/share/code/gcc-linaro-aarch64-linux-gnu-4.9-2014.07_linux/bin/../aarch64-linux-gnu/libc/usr/lib/aarch64-linux-gnu/libpthread_nonshared.a
END GROUP
LOAD /home/wsj/share/code/gcc-linaro-aarch64-linux-gnu-4.9-2014.07_linux/bin/../aarch64-linux-gnu/libc/usr/lib/aarch64-linux-gnu/librt.so
LOAD /home/wsj/share/code/gcc-linaro-aarch64-linux-gnu-4.9-2014.07_linux/bin/../lib/gcc/aarch64-linux-gnu/4.9.1/../../../../aarch64-linux-gnu/lib/libstdc++.so
LOAD /home/wsj/share/code/gcc-linaro-aarch64-linux-gnu-4.9-2014.07_linux/bin/../aarch64-linux-gnu/libc/usr/lib/aarch64-linux-gnu/libm.so
LOAD /home/wsj/share/code/gcc-linaro-aarch64-linux-gnu-4.9-2014.07_linux/bin/../lib/gcc/aarch64-linux-gnu/4.9.1/../../../../aarch64-linux-gnu/lib/libgcc_s.so
LOAD /home/wsj/share/code/gcc-linaro-aarch64-linux-gnu-4.9-2014.07_linux/bin/../lib/gcc/aarch64-linux-gnu/4.9.1/libgcc.a
LOAD /home/wsj/share/code/gcc-linaro-aarch64-linux-gnu-4.9-2014.07_linux/bin/../aarch64-linux-gnu/libc/usr/lib/aarch64-linux-gnu/libc.so
START GROUP
LOAD /home/wsj/share/code/gcc-linaro-aarch64-linux-gnu-4.9-2014.07_linux/bin/../aarch64-linux-gnu/libc/lib/aarch64-linux-gnu/libc.so.6
LOAD /home/wsj/share/code/gcc-linaro-aarch64-linux-gnu-4.9-2014.07_linux/bin/../aarch64-linux-gnu/libc/usr/lib/aarch64-linux-gnu/libc_nonshared.a
LOAD /home/wsj/share/code/gcc-linaro-aarch64-linux-gnu-4.9-2014.07_linux/bin/../aarch64-linux-gnu/libc/lib/ld-linux-aarch64.so.1
END GROUP
LOAD /home/wsj/share/code/gcc-linaro-aarch64-linux-gnu-4.9-2014.07_linux/bin/../lib/gcc/aarch64-linux-gnu/4.9.1/../../../../aarch64-linux-gnu/lib/libgcc_s.so
LOAD /home/wsj/share/code/gcc-linaro-aarch64-linux-gnu-4.9-2014.07_linux/bin/../lib/gcc/aarch64-linux-gnu/4.9.1/libgcc.a
LOAD /home/wsj/share/code/gcc-linaro-aarch64-linux-gnu-4.9-2014.07_linux/bin/../lib/gcc/aarch64-linux-gnu/4.9.1/crtend.o
LOAD /home/wsj/share/code/gcc-linaro-aarch64-linux-gnu-4.9-2014.07_linux/bin/../aarch64-linux-gnu/libc/usr/lib/aarch64-linux-gnu/crtn.o
                0x0000000000400000                PROVIDE (__executable_start, 0x400000)
                0x00000000004001c8                . = (0x400000 + SIZEOF_HEADERS)

.interp         0x00000000004001c8       0x1b
 *(.interp)
 .interp        0x00000000004001c8       0x1b /home/wsj/share/code/gcc-linaro-aarch64-linux-gnu-4.9-2014.07_linux/bin/../aarch64-linux-gnu/libc/usr/lib/aarch64-linux-gnu/crt1.o

.note.ABI-tag   0x00000000004001e4       0x20
 .note.ABI-tag  0x00000000004001e4       0x20 /home/wsj/share/code/gcc-linaro-aarch64-linux-gnu-4.9-2014.07_linux/bin/../aarch64-linux-gnu/libc/usr/lib/aarch64-linux-gnu/crt1.o

.note.gnu.build-id
                0x0000000000400204       0x24
 *(.note.gnu.build-id)
 .note.gnu.build-id
                0x0000000000400204       0x24 linker stubs

.hash           0x0000000000400228      0x27c
 *(.hash)
 .hash          0x0000000000400228      0x27c /home/wsj/share/code/gcc-linaro-aarch64-linux-gnu-4.9-2014.07_linux/bin/../aarch64-linux-gnu/libc/usr/lib/aarch64-linux-gnu/crt1.o

.gnu.hash
 *(.gnu.hash)

.dynsym         0x00000000004004a8      0x870
 *(.dynsym)
 .dynsym        0x00000000004004a8      0x870 /home/wsj/share/code/gcc-linaro-aarch64-linux-gnu-4.9-2014.07_linux/bin/../aarch64-linux-gnu/libc/usr/lib/aarch64-linux-gnu/crt1.o

.dynstr         0x0000000000400d18      0x3cb
 *(.dynstr)
 .dynstr        0x0000000000400d18      0x3cb /home/wsj/share/code/gcc-linaro-aarch64-linux-gnu-4.9-2014.07_linux/bin/../aarch64-linux-gnu/libc/usr/lib/aarch64-linux-gnu/crt1.o

.gnu.version    0x00000000004010e4       0xb4
 *(.gnu.version)
 .gnu.version   0x00000000004010e4       0xb4 /home/wsj/share/code/gcc-linaro-aarch64-linux-gnu-4.9-2014.07_linux/bin/../aarch64-linux-gnu/libc/usr/lib/aarch64-linux-gnu/crt1.o

.gnu.version_d  0x0000000000401198        0x0
 *(.gnu.version_d)
 .gnu.version_d
                0x0000000000000000        0x0 /home/wsj/share/code/gcc-linaro-aarch64-linux-gnu-4.9-2014.07_linux/bin/../aarch64-linux-gnu/libc/usr/lib/aarch64-linux-gnu/crt1.o

.gnu.version_r  0x0000000000401198       0x60
 *(.gnu.version_r)
 .gnu.version_r
                0x0000000000401198       0x60 /home/wsj/share/code/gcc-linaro-aarch64-linux-gnu-4.9-2014.07_linux/bin/../aarch64-linux-gnu/libc/usr/lib/aarch64-linux-gnu/crt1.o

.rela.dyn       0x00000000004011f8       0x78
 *(.rela.init)
 *(.rela.text .rela.text.* .rela.gnu.linkonce.t.*)
 *(.rela.fini)
 *(.rela.rodata .rela.rodata.* .rela.gnu.linkonce.r.*)
 *(.rela.data .rela.data.* .rela.gnu.linkonce.d.*)
 *(.rela.tdata .rela.tdata.* .rela.gnu.linkonce.td.*)
 *(.rela.tbss .rela.tbss.* .rela.gnu.linkonce.tb.*)
 *(.rela.ctors)
 *(.rela.dtors)
 *(.rela.got)
 .rela.got      0x00000000004011f8       0x30 /home/wsj/share/code/gcc-linaro-aarch64-linux-gnu-4.9-2014.07_linux/bin/../aarch64-linux-gnu/libc/usr/lib/aarch64-linux-gnu/crt1.o
 *(.rela.bss .rela.bss.* .rela.gnu.linkonce.b.*)
 .rela.bss      0x0000000000401228       0x48 /home/wsj/share/code/gcc-linaro-aarch64-linux-gnu-4.9-2014.07_linux/bin/../aarch64-linux-gnu/libc/usr/lib/aarch64-linux-gnu/crt1.o
 *(.rela.ifunc)

.rela.plt       0x0000000000401270      0x7b0
 *(.rela.plt)
 .rela.plt      0x0000000000401270      0x7b0 /home/wsj/share/code/gcc-linaro-aarch64-linux-gnu-4.9-2014.07_linux/bin/../aarch64-linux-gnu/libc/usr/lib/aarch64-linux-gnu/crt1.o
                0x0000000000401a20                PROVIDE (__rela_iplt_start, .)
 *(.rela.iplt)
 .rela.iplt     0x0000000000000000        0x0 /home/wsj/share/code/gcc-linaro-aarch64-linux-gnu-4.9-2014.07_linux/bin/../aarch64-linux-gnu/libc/usr/lib/aarch64-linux-gnu/crt1.o
                0x0000000000401a20                PROVIDE (__rela_iplt_end, .)

.init           0x0000000000401a20       0x14
 *(SORT(.init))
 .init          0x0000000000401a20        0xc /home/wsj/share/code/gcc-linaro-aarch64-linux-gnu-4.9-2014.07_linux/bin/../aarch64-linux-gnu/libc/usr/lib/aarch64-linux-gnu/crti.o
                0x0000000000401a20                _init
 .init          0x0000000000401a2c        0x8 /home/wsj/share/code/gcc-linaro-aarch64-linux-gnu-4.9-2014.07_linux/bin/../aarch64-linux-gnu/libc/usr/lib/aarch64-linux-gnu/crtn.o

.plt            0x0000000000401a40      0x540
 *(.plt)
 .plt           0x0000000000401a40      0x540 /home/wsj/share/code/gcc-linaro-aarch64-linux-gnu-4.9-2014.07_linux/bin/../aarch64-linux-gnu/libc/usr/lib/aarch64-linux-gnu/crt1.o
                0x0000000000401a60                getaddrinfo@@GLIBC_2.17
                0x0000000000401a70                __fpclassify@@GLIBC_2.17
                0x0000000000401a80                stpcpy@@GLIBC_2.17
                0x0000000000401a90                __libc_start_main@@GLIBC_2.17
                0x0000000000401aa0                pthread_mutex_lock@@GLIBC_2.17
                0x0000000000401ab0                pthread_cond_init@@GLIBC_2.17
                0x0000000000401ac0                __signbit@@GLIBC_2.17
                0x0000000000401ad0                iconv_open@@GLIBC_2.17
                0x0000000000401af0                getcwd@@GLIBC_2.17
                0x0000000000401b00                socket@@GLIBC_2.17
                0x0000000000401b10                snprintf@@GLIBC_2.17
                0x0000000000401b20                strcat@@GLIBC_2.17
                0x0000000000401b30                fprintf@@GLIBC_2.17
                0x0000000000401b40                memcpy@@GLIBC_2.17
                0x0000000000401b50                fread@@GLIBC_2.17
                0x0000000000401b60                gethostbyname@@GLIBC_2.17
                0x0000000000401b70                strncpy@@GLIBC_2.17
                0x0000000000401b80                realloc@@GLIBC_2.17
                0x0000000000401b90                exit@@GLIBC_2.17
                0x0000000000401ba0                __ctype_toupper_loc@@GLIBC_2.17
                0x0000000000401bb0                select@@GLIBC_2.17
                0x0000000000401bc0                getsockopt@@GLIBC_2.17
                0x0000000000401bd0                fputc@@GLIBC_2.17
                0x0000000000401be0                __isoc99_sscanf@@GLIBC_2.17
                0x0000000000401bf0                strncmp@@GLIBC_2.17
                0x0000000000401c00                fmod@@GLIBC_2.17
                0x0000000000401c10                abort@@GLIBC_2.17
                0x0000000000401c20                pthread_key_create@@GLIBC_2.17
                0x0000000000401c30                ferror@@GLIBC_2.17
                0x0000000000401c40                fflush@@GLIBC_2.17
                0x0000000000401c50                pthread_mutex_destroy@@GLIBC_2.17
                0x0000000000401c60                __errno_location@@GLIBC_2.17
                0x0000000000401c70                freeaddrinfo@@GLIBC_2.17
                0x0000000000401c80                recv@@GLIBC_2.17
                0x0000000000401c90                read@@GLIBC_2.17
                0x0000000000401ca0                pthread_cond_wait@@GLIBC_2.17
                0x0000000000401cb0                __h_errno_location@@GLIBC_2.17
                0x0000000000401cc0                listen@@GLIBC_2.17
                0x0000000000401cd0                inet_ntop@@GLIBC_2.17
                0x0000000000401ce0                write@@GLIBC_2.17
                0x0000000000401cf0                pthread_cond_destroy@@GLIBC_2.17
                0x0000000000401d00                __xstat64@@GLIBC_2.17
                0x0000000000401d10                pthread_once@@GLIBC_2.17
                0x0000000000401d20                pthread_equal@@GLIBC_2.17
                0x0000000000401d30                __isinf@@GLIBC_2.17
                0x0000000000401d40                pow@@GLIBC_2.17
                0x0000000000401d50                memcmp@@GLIBC_2.17
                0x0000000000401d60                malloc@@GLIBC_2.17
                0x0000000000401d70                send@@GLIBC_2.17
                0x0000000000401d80                bind@@GLIBC_2.17
                0x0000000000401d90                pthread_mutex_init@@GLIBC_2.17
                0x0000000000401da0                fclose@@GLIBC_2.17
                0x0000000000401db0                pthread_cond_signal@@GLIBC_2.17
                0x0000000000401dc0                pthread_mutex_unlock@@GLIBC_2.17
                0x0000000000401dd0                iconv_close@@GLIBC_2.17
                0x0000000000401de0                strcmp@@GLIBC_2.17
                0x0000000000401df0                strtol@@GLIBC_2.17
                0x0000000000401e00                getenv@@GLIBC_2.17
                0x0000000000401e10                vsnprintf@@GLIBC_2.17
                0x0000000000401e20                strchr@@GLIBC_2.17
                0x0000000000401e30                log10@@GLIBC_2.17
                0x0000000000401e40                free@@GLIBC_2.17
                0x0000000000401e50                puts@@GLIBC_2.17
                0x0000000000401e60                pthread_getspecific@@GLIBC_2.17
                0x0000000000401e70                fwrite@@GLIBC_2.17
                0x0000000000401e80                pthread_setspecific@@GLIBC_2.17
                0x0000000000401e90                fputs@@GLIBC_2.17
                0x0000000000401ea0                printf@@GLIBC_2.17
                0x0000000000401eb0                strcpy@@GLIBC_2.17
                0x0000000000401ec0                memmove@@GLIBC_2.17
                0x0000000000401ed0                close@@GLIBC_2.17
                0x0000000000401ee0                vfprintf@@GLIBC_2.17
                0x0000000000401ef0                connect@@GLIBC_2.17
                0x0000000000401f00                open64@@GLIBC_2.17
                0x0000000000401f10                strlen@@GLIBC_2.17
                0x0000000000401f20                fopen64@@GLIBC_2.17
                0x0000000000401f30                fcntl@@GLIBC_2.17
                0x0000000000401f40                pthread_self@@GLIBC_2.17
                0x0000000000401f50                iconv@@GLIBC_2.17
                0x0000000000401f60                getsockname@@GLIBC_2.17
                0x0000000000401f70                memset@@GLIBC_2.17
 *(.iplt)
 .iplt          0x0000000000000000        0x0 /home/wsj/share/code/gcc-linaro-aarch64-linux-gnu-4.9-2014.07_linux/bin/../aarch64-linux-gnu/libc/usr/lib/aarch64-linux-gnu/crt1.o

.text           0x0000000000401f80    0xc03cc
 *(.text.unlikely .text.*_unlikely .text.unlikely.*)
 .text.unlikely
                0x0000000000401f80      0x5a8 lib/libxml2.a(HTMLparser.o)
 *(.text.exit .text.exit.*)
 *(.text.startup .text.startup.*)
 .text.startup.main
                0x0000000000402528      0x400 out/Adu/obj/lib/test/b.o
                0x0000000000402528                main
 *(.text.hot .text.hot.*)
 *(.text .stub .text.* .gnu.linkonce.t.*)
 .text          0x0000000000402928       0x48 /home/wsj/share/code/gcc-linaro-aarch64-linux-gnu-4.9-2014.07_linux/bin/../aarch64-linux-gnu/libc/usr/lib/aarch64-linux-gnu/crt1.o
                0x0000000000402928                _start
 .text          0x0000000000402970       0x14 /home/wsj/share/code/gcc-linaro-aarch64-linux-gnu-4.9-2014.07_linux/bin/../aarch64-linux-gnu/libc/usr/lib/aarch64-linux-gnu/crti.o
 *fill*         0x0000000000402984        0x4 00000000
 .text          0x0000000000402988       0xf8 /home/wsj/share/code/gcc-linaro-aarch64-linux-gnu-4.9-2014.07_linux/bin/../lib/gcc/aarch64-linux-gnu/4.9.1/crtbegin.o
 .text          0x0000000000402a80        0x0 out/Adu/obj/lib/test/b.o
 .text._Z10PrintSpacei
                0x0000000000402a80       0x4c out/Adu/obj/lib/test/b.o
                0x0000000000402a80                PrintSpace(int)
 .text          0x0000000000402acc    0x162cc lib/libxml2.a(parser.o)
                0x00000000004046c4                xmlHasFeature
                0x00000000004046e8                xmlCheckLanguageID
                0x000000000040480c                inputPush
                0x00000000004048bc                inputPop
                0x000000000040490c                nodePush
                0x0000000000404a04                nodePop
                0x0000000000404a54                namePush
                0x0000000000404af8                namePop
                0x0000000000404b48                xmlPopInput
                0x0000000000404cd0                xmlPushInput
                0x0000000000404da8                xmlSplitQName
                0x0000000000405214                xmlParsePubidLiteral
                0x00000000004054ac                xmlParseStringEntityRef
                0x0000000000405700                xmlParseStringPEReference
                0x0000000000405894                xmlStringLenDecodeEntities
                0x0000000000405f98                xmlStringDecodeEntities
                0x0000000000406014                xmlParseVersionNum
                0x000000000040611c                xmlParseEncName
                0x0000000000406328                xmlParseEncodingDecl
                0x00000000004065f0                xmlParseTextDecl
                0x00000000004068f8                xmlParserHandlePEReference
                0x0000000000406c9c                xmlSkipBlankChars
                0x0000000000406ed0                xmlParseCharRef
                0x0000000000407350                xmlParseName
                0x000000000040785c                xmlParsePITarget
                0x000000000040794c                xmlParseNotationType
                0x0000000000407abc                xmlParseElementChildrenContentDecl
                0x0000000000408190                xmlParseEntityRef
                0x0000000000408528                xmlParseNmtoken
                0x0000000000408a98                xmlParseEnumerationType
                0x0000000000408c3c                xmlParseEntityValue
                0x0000000000409f04                xmlParseAttValue
                0x0000000000409f28                xmlParseAttribute
                0x000000000040a0dc                xmlParseStartTag
                0x000000000040a5a8                xmlParseSystemLiteral
                0x000000000040a958                xmlParseCharDataComplex
                0x000000000040ae38                xmlParseCharData
                0x000000000040b2ac                xmlParseExternalID
                0x000000000040b670                xmlParseComment
                0x000000000040c1c4                xmlParsePI
                0x000000000040ca1c                xmlParseNotationDecl
                0x000000000040cce8                xmlParseEntityDecl
                0x000000000040d4d4                xmlParseDefaultDecl
                0x000000000040d7c0                xmlParseEnumeratedType
                0x000000000040d934                xmlParseAttributeType
                0x000000000040ded0                xmlParseAttributeListDecl
                0x000000000040e614                xmlParseElementMixedContentDecl
                0x000000000040ea44                xmlParseElementContentDecl
                0x000000000040eb94                xmlParseElementDecl
                0x000000000040f00c                xmlParseDocTypeDecl
                0x000000000040f3a8                xmlParseEndTag
                0x000000000040f3b0                xmlParseCDSect
                0x00000000004112ac                xmlParseVersionInfo
                0x00000000004116bc                xmlParsePEReference
                0x00000000004116d8                xmlParseMarkupDecl
                0x0000000000412078                xmlParseExternalSubset
                0x0000000000412364                xmlParseSDDecl
                0x000000000041278c                xmlParseXMLDecl
                0x0000000000412afc                xmlParseMisc
                0x0000000000412bb4                xmlCreatePushParserCtxt
                0x0000000000412e70                xmlStopParser
                0x0000000000412ea0                xmlCreateIOParserCtxt
                0x0000000000412ffc                xmlIOParseDTD
                0x0000000000413288                xmlSAXParseDTD
                0x00000000004134b0                xmlParseDTD
                0x00000000004134c0                xmlCreateEntityParserCtxt
                0x00000000004135dc                xmlSetupParserForBuffer
                0x0000000000413684                xmlCreateMemoryParserCtxt
                0x0000000000413b48                xmlParseReference
                0x0000000000414264                xmlParseContent
                0x00000000004149c4                xmlParseExternalEntity
                0x00000000004149e4                xmlParseElement
                0x0000000000414df8                xmlParseDocument
                0x00000000004152c8                xmlParseExtParsedEnt
                0x0000000000415564                xmlParseCtxtExternalEntity
                0x0000000000415a08                xmlParseChunk
                0x000000000041724c                xmlSAXParseMemoryWithData
                0x0000000000417304                xmlSAXParseMemory
                0x000000000041730c                xmlParseMemory
                0x0000000000417324                xmlRecoverMemory
                0x000000000041733c                xmlSAXUserParseMemory
                0x00000000004173fc                xmlCreateDocParserCtxt
                0x0000000000417434                xmlSAXParseDoc
                0x00000000004174d8                xmlRecoverDoc
                0x00000000004174e8                xmlParseDoc
                0x00000000004174f8                xmlSetEntityReferenceFunc
                0x0000000000417504                xmlInitParser
                0x0000000000417518                xmlCleanupParser
                0x000000000041756c                xmlCtxtReset
                0x00000000004177d0                xmlCtxtResetPush
                0x0000000000417a20                xmlCtxtUseOptions
                0x0000000000417bdc                xmlParseInNodeContext
                0x0000000000417fc0                xmlParseBalancedChunkMemoryRecover
                0x0000000000418358                xmlParseBalancedChunkMemory
                0x0000000000418360                xmlCreateURLParserCtxt
                0x0000000000418430                xmlCreateFileParserCtxt
                0x0000000000418438                xmlSAXParseEntity
                0x00000000004184d4                xmlParseEntity
                0x00000000004184e0                xmlSAXParseFileWithData
                0x0000000000418604                xmlSAXParseFile
                0x000000000041860c                xmlParseFile
                0x0000000000418620                xmlRecoverFile
                0x0000000000418634                xmlSAXUserParseFile
                0x00000000004187bc                xmlReadDoc
                0x0000000000418818                xmlReadFile
                0x0000000000418860                xmlReadMemory
                0x00000000004188b4                xmlReadFd
                0x0000000000418970                xmlReadIO
                0x0000000000418a28                xmlCtxtReadDoc
                0x0000000000418ab8                xmlCtxtReadFile
                0x0000000000418b3c                xmlCtxtReadMemory
                0x0000000000418c08                xmlCtxtReadFd
                0x0000000000418cc4                xmlCtxtReadIO
 .text          0x0000000000418d98     0xbacc lib/libxml2.a(tree.o)
                0x00000000004194d4                xmlBuildQName
                0x00000000004195d4                xmlSplitQName2
                0x00000000004196d8                xmlSplitQName3
                0x000000000041972c                xmlValidateNCName
                0x0000000000419bf0                xmlValidateQName
                0x000000000041a348                xmlValidateName
                0x000000000041a850                xmlValidateNMToken
                0x000000000041ada8                xmlSetBufferAllocationScheme
                0x000000000041adcc                xmlGetBufferAllocationScheme
                0x000000000041ade4                xmlSetNs
                0x000000000041adf0                xmlFreeNs
                0x000000000041ae40                xmlNewNs
                0x000000000041b4c4                xmlFreeNsList
                0x000000000041b4f0                xmlNewDtd
                0x000000000041b508                xmlGetIntSubset
                0x000000000041b53c                xmlCreateIntSubset
                0x000000000041b7f4                xmlNewDoc
                0x000000000041b92c                xmlNodeListGetString
                0x000000000041baec                xmlNodeListGetRawString
                0x000000000041bc28                xmlNewDocPI
                0x000000000041bd40                xmlNewPI
                0x000000000041bd50                xmlNewNode
                0x000000000041be3c                xmlNewNodeEatName
                0x000000000041bf34                xmlNewDocFragment
                0x000000000041bff0                xmlNewText
                0x000000000041c0c8                xmlNewCharRef
                0x000000000041c1fc                xmlNewReference
                0x000000000041c358                xmlNewDocText
                0x000000000041c384                xmlNewTextLen
                0x000000000041c464                xmlNewDocTextLen
                0x000000000041c498                xmlNewComment
                0x000000000041c570                xmlNewCDataBlock
                0x000000000041c658                xmlNewDocComment
                0x000000000041c684                xmlSetListDoc
                0x000000000041c6c8                xmlSetTreeDoc
                0x000000000041c744                xmlGetLastChild
                0x000000000041c750                xmlUnlinkNode
                0x000000000041c820                xmlFreeDtd
                0x000000000041c9a4                xmlFreeDoc
                0x000000000041cb94                xmlFreeNodeList
                0x000000000041cd90                xmlFreeProp
                0x000000000041ce74                xmlFreePropList
                0x000000000041cea0                xmlRemoveProp
                0x000000000041cf3c                xmlFreeNode
                0x000000000041d138                xmlReplaceNode
                0x000000000041d254                xmlCopyNamespace
                0x000000000041d280                xmlCopyNamespaceList
                0x000000000041d2f0                xmlGetLineNo
                0x000000000041d364                xmlGetNodePath
                0x000000000041d9ac                xmlDocGetRootElement
                0x000000000041d9d4                xmlNodeSetName
                0x000000000041da98                xmlGetNsList
                0x000000000041df94                xmlAddChild
                0x000000000041e1b8                xmlNodeAddContentLen
                0x000000000041e2dc                xmlNodeAddContent
                0x000000000041e324                xmlAddSibling
                0x000000000041e45c                xmlDocSetRootElement
                0x000000000041e508                xmlAddChildList
                0x000000000041e5f4                xmlTextMerge
                0x000000000041e680                xmlStringGetNodeList
                0x000000000041ed68                xmlNewProp
                0x000000000041ed88                xmlNewNsProp
                0x000000000041ed9c                xmlNewNsPropEatName
                0x000000000041edb0                xmlNewDocProp
                0x000000000041eee4                xmlNewDocNode
                0x000000000041efa8                xmlNewDocRawNode
                0x000000000041f04c                xmlNewTextChild
                0x000000000041f134                xmlNewChild
                0x000000000041f21c                xmlNewDocNodeEatName
                0x000000000041f2b0                xmlNodeSetContent
                0x000000000041f3e0                xmlAddNextSibling
                0x000000000041f56c                xmlAddPrevSibling
                0x000000000041f6f0                xmlStringLenGetNodeList
                0x000000000041fc54                xmlNodeSetContentLen
                0x000000000041fda0                xmlSearchNs
                0x000000000041ff90                xmlSearchNsByHref
                0x0000000000420194                xmlNewReconciliedNs
                0x0000000000420524                xmlCopyProp
                0x0000000000420534                xmlCopyPropList
                0x0000000000420980                xmlCopyNode
                0x0000000000420990                xmlCopyDtd
                0x0000000000420c18                xmlDocCopyNodeList
                0x0000000000420c2c                xmlCopyNodeList
                0x0000000000420c38                xmlCopyDoc
                0x0000000000420d58                xmlDocCopyNode
                0x0000000000420d64                xmlReconciliateNs
                0x00000000004211f8                xmlHasProp
                0x00000000004212ac                xmlHasNsProp
                0x00000000004212b4                xmlGetProp
                0x00000000004212d4                xmlGetNoNsProp
                0x00000000004212fc                xmlGetNsProp
                0x0000000000421320                xmlNodeGetLang
                0x000000000042138c                xmlNodeGetSpacePreserve
                0x0000000000421494                xmlNodeGetBase
                0x000000000042174c                xmlUnsetProp
                0x0000000000421790                xmlUnsetNsProp
                0x00000000004217e8                xmlSetNsProp
                0x000000000042193c                xmlNodeSetLang
                0x00000000004219a8                xmlNodeSetSpacePreserve
                0x0000000000421a48                xmlNodeSetBase
                0x0000000000421b50                xmlSetProp
                0x0000000000421c44                xmlNodeIsText
                0x0000000000421c58                xmlIsBlankNode
                0x0000000000421cf8                xmlTextConcat
                0x0000000000421da8                xmlBufferCreate
                0x0000000000421e70                xmlBufferCreateSize
                0x0000000000421f54                xmlBufferCreateStatic
                0x0000000000421fe0                xmlBufferSetAllocationScheme
                0x0000000000421ff8                xmlBufferFree
                0x0000000000422048                xmlBufferEmpty
                0x0000000000422084                xmlBufferShrink
                0x0000000000422110                xmlBufferGrow
                0x00000000004221cc                xmlBufferDump
                0x0000000000422214                xmlBufferContent
                0x0000000000422220                xmlBufferLength
                0x000000000042222c                xmlBufferResize
                0x0000000000422364                xmlBufferAdd
                0x0000000000422464                xmlBufferAddHead
                0x000000000042257c                xmlBufferCat
                0x00000000004225a0                xmlNodeBufGetContent
                0x0000000000422770                xmlNodeGetContent
                0x000000000042284c                xmlBufferCCat
                0x000000000042292c                xmlBufferWriteCHAR
                0x0000000000422944                xmlBufferWriteChar
                0x000000000042295c                xmlBufferWriteQuotedString
                0x0000000000422aa8                xmlGetDocCompressMode
                0x0000000000422abc                xmlSetDocCompressMode
                0x0000000000422ae8                xmlGetCompressMode
                0x0000000000422af4                xmlSetCompressMode
                0x0000000000422b28                xmlDOMWrapNewCtxt
                0x0000000000422b84                xmlDOMWrapFreeCtxt
                0x0000000000422bc0                xmlDOMWrapRemoveNode
                0x0000000000422df0                xmlDOMWrapReconcileNamespaces
                0x0000000000423340                xmlDOMWrapCloneNode
                0x0000000000423bf8                xmlDOMWrapAdoptNode
 .text          0x0000000000424864     0x127c lib/libxml2.a(hash.o)
                0x0000000000424918                xmlHashCreate
                0x00000000004249b8                xmlHashCreateDict
                0x00000000004249f4                xmlHashFree
                0x0000000000424b4c                xmlHashAddEntry3
                0x0000000000424fe8                xmlHashAddEntry
                0x0000000000424ff8                xmlHashAddEntry2
                0x0000000000425004                xmlHashUpdateEntry3
                0x00000000004252e4                xmlHashUpdateEntry
                0x00000000004252f8                xmlHashUpdateEntry2
                0x0000000000425308                xmlHashLookup3
                0x00000000004253f4                xmlHashLookup
                0x0000000000425400                xmlHashLookup2
                0x0000000000425408                xmlHashQLookup3
                0x0000000000425610                xmlHashQLookup
                0x0000000000425624                xmlHashQLookup2
                0x0000000000425630                xmlHashScanFull
                0x00000000004256f0                xmlHashScan
                0x000000000042571c                xmlHashScanFull3
                0x0000000000425830                xmlHashScan3
                0x0000000000425834                xmlHashCopy
                0x0000000000425920                xmlHashSize
                0x0000000000425934                xmlHashRemoveEntry3
                0x0000000000425ac4                xmlHashRemoveEntry
                0x0000000000425ad4                xmlHashRemoveEntry2
 .text          0x0000000000425ae0     0x30c0 lib/libxml2.a(xmlIO.o)
                0x0000000000425ae8                xmlFileMatch
                0x0000000000425c64                xmlIOHTTPMatch
                0x0000000000425c8c                xmlIOFTPMatch
                0x0000000000425cb4                xmlIOHTTPOpen
                0x0000000000425cbc                xmlIOHTTPRead
                0x0000000000425cd4                xmlIOHTTPClose
                0x0000000000425cec                xmlIOFTPOpen
                0x0000000000425cf0                xmlIOFTPRead
                0x0000000000425d08                xmlIOFTPClose
                0x0000000000425edc                __xmlIOErr
                0x0000000000426328                xmlFileRead
                0x000000000042639c                xmlFileClose
                0x00000000004266f0                __xmlLoaderErr
                0x00000000004267dc                xmlNormalizeWindowsPath
                0x00000000004267e0                xmlCleanupInputCallbacks
                0x0000000000426834                xmlPopInputCallbacks
                0x0000000000426880                xmlCleanupOutputCallbacks
                0x00000000004268d4                xmlCheckFilename
                0x0000000000426a0c                xmlFileOpen
                0x0000000000426c20                xmlRegisterInputCallbacks
                0x0000000000426c70                xmlRegisterOutputCallbacks
                0x0000000000426cc0                xmlRegisterDefaultInputCallbacks
                0x0000000000426cd4                xmlRegisterDefaultOutputCallbacks
                0x0000000000426ce8                xmlRegisterHTTPPostCallbacks
                0x0000000000426d70                xmlAllocParserInputBuffer
                0x0000000000426e68                __xmlParserInputBufferCreateFilename
                0x0000000000426f58                xmlAllocOutputBuffer
                0x0000000000427034                __xmlOutputBufferCreateFilename
                0x0000000000427200                xmlFreeParserInputBuffer
                0x000000000042726c                xmlParserInputBufferCreateFilename
                0x00000000004272c0                xmlOutputBufferCreateFilename
                0x0000000000427328                xmlParserInputBufferCreateFile
                0x00000000004273a0                xmlOutputBufferCreateFile
                0x0000000000427418                xmlOutputBufferCreateBuffer
                0x0000000000427460                xmlParserInputBufferCreateFd
                0x00000000004274cc                xmlParserInputBufferCreateMem
                0x0000000000427568                xmlParserInputBufferCreateStatic
                0x000000000042766c                xmlOutputBufferCreateFd
                0x00000000004276d0                xmlParserInputBufferCreateIO
                0x0000000000427734                xmlOutputBufferCreateIO
                0x0000000000427798                xmlParserInputBufferCreateFilenameDefault
                0x00000000004277ec                xmlOutputBufferCreateFilenameDefault
                0x0000000000427840                xmlParserInputBufferPush
                0x0000000000427940                xmlParserInputBufferGrow
                0x0000000000427b20                xmlParserInputBufferRead
                0x0000000000427b58                xmlOutputBufferWrite
                0x0000000000427e18                xmlOutputBufferWriteEscape
                0x000000000042812c                xmlOutputBufferWriteString
                0x0000000000428188                xmlOutputBufferFlush
                0x00000000004282a4                xmlOutputBufferClose
                0x00000000004283b0                xmlIOHTTPOpenW
                0x00000000004285f8                xmlParserGetDirectory
                0x00000000004286ec                xmlCheckHTTPInput
                0x0000000000428874                xmlSetExternalEntityLoader
                0x0000000000428880                xmlGetExternalEntityLoader
                0x000000000042888c                xmlLoadExternalEntity
                0x0000000000428940                xmlNoNetExternalEntityLoader
 .text          0x0000000000428ba0      0xae4 lib/libxml2.a(xmlmemory.o)
                0x0000000000428bdc                xmlMallocBreakpoint
                0x0000000000428c18                xmlMemFree
                0x0000000000428d50                xmlMemUsed
                0x0000000000428d5c                xmlMemBlocks
                0x0000000000428d68                xmlMemDisplay
                0x0000000000428de8                xmlMemShow
                0x0000000000428e0c                xmlMemoryDump
                0x0000000000428e10                xmlInitMemory
                0x0000000000428ea0                xmlMallocLoc
                0x0000000000429008                xmlMemMalloc
                0x0000000000429018                xmlMallocAtomicLoc
                0x0000000000429180                xmlReallocLoc
                0x0000000000429360                xmlMemRealloc
                0x0000000000429370                xmlMemStrdupLoc
                0x00000000004294c0                xmlMemoryStrdup
                0x00000000004294d0                xmlCleanupMemory
                0x0000000000429508                xmlMemSetup
                0x0000000000429570                xmlMemGet
                0x00000000004295b8                xmlGcMemSetup
                0x000000000042962c                xmlGcMemGet
 .text          0x0000000000429684     0x4040 lib/libxml2.a(uri.o)
                0x000000000042977c                xmlCreateURI
                0x00000000004297e8                xmlSaveUri
                0x000000000042a368                xmlPrintURI
                0x000000000042a3ac                xmlFreeURI
                0x000000000042a46c                xmlNormalizeURIPath
                0x000000000042a788                xmlURIUnescapeString
                0x000000000042b978                xmlURIEscapeStr
                0x000000000042bb90                xmlParseURIReference
                0x000000000042c694                xmlURIEscape
                0x000000000042c9fc                xmlParseURI
                0x000000000042ca54                xmlParseURIRaw
                0x000000000042cad4                xmlBuildURI
                0x000000000042d088                xmlBuildRelativeURI
                0x000000000042d530                xmlCanonicPath
                0x000000000042d61c                xmlPathToURI
 .text          0x000000000042d6c4     0x8c20 lib/libxml2.a(valid.o)
                0x000000000042ef08                xmlNewValidCtxt
                0x000000000042ef68                xmlFreeValidCtxt
                0x000000000042efb4                xmlNewDocElementContent
                0x000000000042f190                xmlNewElementContent
                0x000000000042f1a0                xmlCopyDocElementContent
                0x000000000042f494                xmlCopyElementContent
                0x000000000042f4a0                xmlFreeDocElementContent
                0x000000000042f634                xmlFreeElementContent
                0x000000000042f640                xmlSprintfElementContent
                0x000000000042f644                xmlSnprintfElementContent
                0x000000000042fac0                xmlValidBuildContentModel
                0x00000000004300a8                xmlAddElementDecl
                0x00000000004304f4                xmlFreeElementTable
                0x0000000000430500                xmlCopyElementTable
                0x000000000043050c                xmlDumpElementDecl
                0x000000000043051c                xmlDumpElementTable
                0x0000000000430540                xmlCreateEnumeration
                0x000000000043059c                xmlFreeEnumeration
                0x0000000000430728                xmlCopyEnumeration
                0x000000000043085c                xmlScanAttributeDecl
                0x00000000004308a8                xmlFreeAttributeTable
                0x00000000004308b4                xmlCopyAttributeTable
                0x00000000004308c0                xmlDumpAttributeDecl
                0x00000000004308d0                xmlDumpAttributeTable
                0x00000000004308f4                xmlAddNotationDecl
                0x0000000000430a48                xmlFreeNotationTable
                0x0000000000430a54                xmlCopyNotationTable
                0x0000000000430a60                xmlDumpNotationDecl
                0x0000000000430a70                xmlDumpNotationTable
                0x0000000000430a94                xmlAddID
                0x0000000000430c44                xmlFreeIDTable
                0x0000000000430c50                xmlRemoveID
                0x0000000000430d18                xmlGetID
                0x0000000000431150                xmlAddRef
                0x0000000000431330                xmlFreeRefTable
                0x000000000043133c                xmlRemoveRef
                0x0000000000431404                xmlGetRefs
                0x0000000000431420                xmlGetDtdElementDesc
                0x00000000004317e8                xmlGetDtdQElementDesc
                0x0000000000431800                xmlGetDtdAttrDesc
                0x00000000004318b0                xmlIsID
                0x0000000000431ae4                xmlIsRef
                0x0000000000431b90                xmlGetDtdQAttrDesc
                0x0000000000431bb8                xmlGetDtdNotationDesc
                0x0000000000431bd0                xmlValidateNotationUse
                0x0000000000431cd8                xmlIsMixedElement
                0x0000000000431d7c                xmlValidateNameValue
                0x0000000000431fc0                xmlValidateNamesValue
                0x00000000004323f4                xmlValidateNmtokenValue
                0x0000000000432698                xmlValidateNmtokensValue
                0x0000000000432c38                xmlValidateNotationDecl
                0x0000000000432c40                xmlValidateAttributeValue
                0x0000000000432c8c                xmlAddAttributeDecl
                0x00000000004331a4                xmlValidCtxtNormalizeAttributeValue
                0x000000000043344c                xmlValidNormalizeAttributeValue
                0x00000000004335ec                xmlValidateAttributeDecl
                0x0000000000433884                xmlValidateElementDecl
                0x0000000000433ba0                xmlValidateOneAttribute
                0x00000000004340b0                xmlValidateOneNamespace
                0x0000000000434750                xmlValidatePushElement
                0x0000000000434bdc                xmlValidatePushCData
                0x0000000000434cc8                xmlValidatePopElement
                0x0000000000434e34                xmlValidateOneElement
                0x00000000004356ec                xmlValidateRoot
                0x00000000004358a8                xmlValidateElement
                0x0000000000435a38                xmlValidateDocumentFinal
                0x0000000000435aac                xmlValidateDtd
                0x0000000000435b94                xmlValidateDtdFinal
                0x0000000000435c74                xmlValidateDocument
                0x0000000000435e24                xmlValidGetPotentialChildren
                0x0000000000435fb0                xmlValidGetValidElements
 .text          0x00000000004362e4     0x786c lib/libxml2.a(HTMLparser.o)
                0x0000000000438b8c                htmlInitAutoClose
                0x0000000000438ba0                htmlTagLookup
                0x0000000000438f20                htmlAutoCloseTag
                0x0000000000438fb0                htmlIsAutoClosed
                0x000000000043901c                htmlIsScriptAttribute
                0x0000000000439098                htmlEntityLookup
                0x0000000000439114                htmlEntityValueLookup
                0x0000000000439168                UTF8ToHtml
                0x0000000000439424                htmlEncodeEntities
                0x00000000004396cc                htmlNewDocNoDtD
                0x00000000004397a0                htmlNewDoc
                0x00000000004397c0                htmlParseEntityRef
                0x00000000004398d8                htmlParseCharRef
                0x000000000043aadc                htmlParseElement
                0x000000000043b2e8                __htmlParseContent
                0x000000000043b2f4                htmlParseDocument
                0x000000000043b5e8                htmlFreeParserCtxt
                0x000000000043b5ec                htmlNewParserCtxt
                0x000000000043b824                htmlCreateMemoryParserCtxt
                0x000000000043b8e8                htmlParseChunk
                0x000000000043c90c                htmlCreatePushParserCtxt
                0x000000000043cb68                htmlSAXParseDoc
                0x000000000043ccc8                htmlParseDoc
                0x000000000043ccd4                htmlCreateFileParserCtxt
                0x000000000043ce18                htmlSAXParseFile
                0x000000000043cea4                htmlParseFile
                0x000000000043ceb0                htmlHandleOmittedElem
                0x000000000043cec4                htmlElementAllowedHere
                0x000000000043ced8                htmlElementStatusHere
                0x000000000043cf34                htmlAttrAllowed
                0x000000000043d014                htmlNodeStatus
                0x000000000043d0d8                htmlCtxtReset
                0x000000000043d334                htmlCtxtUseOptions
                0x000000000043d4e8                htmlReadDoc
                0x000000000043d55c                htmlReadFile
                0x000000000043d5b0                htmlReadMemory
                0x000000000043d64c                htmlReadFd
                0x000000000043d710                htmlReadIO
                0x000000000043d7e4                htmlCtxtReadDoc
                0x000000000043d874                htmlCtxtReadFile
                0x000000000043d8f8                htmlCtxtReadMemory
                0x000000000043d9c4                htmlCtxtReadFd
                0x000000000043da7c                htmlCtxtReadIO
 .text          0x000000000043db50     0x14f8 lib/libxml2.a(HTMLtree.o)
                0x000000000043db50                htmlGetMetaEncoding
                0x000000000043ddec                htmlSetMetaEncoding
                0x000000000043e114                htmlIsBooleanAttr
                0x000000000043e36c                htmlDocContentDumpFormatOutput
                0x000000000043e49c                htmlNodeDumpFormatOutput
                0x000000000043eab4                htmlNodeDumpFileFormat
                0x000000000043eb78                htmlNodeDumpFile
                0x000000000043eb84                htmlNodeDumpOutput
                0x000000000043eb8c                htmlNodeDump
                0x000000000043ec68                htmlDocDumpMemoryFormat
                0x000000000043ed78                htmlDocDumpMemory
                0x000000000043ed80                htmlDocContentDumpOutput
                0x000000000043ed88                htmlDocDump
                0x000000000043ee58                htmlSaveFile
                0x000000000043ef30                htmlSaveFileFormat
                0x000000000043f040                htmlSaveFileEnc
 .text          0x000000000043f048    0x13108 lib/libxml2.a(xpath.o)
                0x000000000043f72c                xmlXPathNextSelf
                0x000000000043f74c                xmlXPathNextChild
                0x000000000043f7b4                xmlXPathNextDescendant
                0x000000000043f86c                xmlXPathNextDescendantOrSelf
                0x000000000043f8a8                xmlXPathNextFollowingSibling
                0x000000000043f8f0                xmlXPathNextPrecedingSibling
                0x000000000043f950                xmlXPathNextFollowing
                0x000000000043faa0                xmlXPathNextAttribute
                0x000000000043fd38                xmlXPathNextParent
                0x000000000043fe18                xmlXPathNextAncestor
                0x000000000043ff94                xmlXPathNextAncestorOrSelf
                0x00000000004402d0                xmlXPathNextNamespace
                0x00000000004415ac                xmlXPathInit
                0x00000000004415c0                xmlXPathIsNaN
                0x00000000004415c4                xmlXPathIsInf
                0x00000000004415f4                xmlXPathErr
                0x0000000000441e00                xmlXPatherror
                0x0000000000441e08                xmlXPathDebugDumpObject
                0x0000000000442dec                xmlXPathDebugDumpCompExpr
                0x0000000000442eb4                xmlXPathContextSetCache
                0x0000000000442fbc                valuePop
                0x000000000044300c                valuePush
                0x00000000004430c8                xmlXPathOrderDocElems
                0x0000000000443158                xmlXPathCmpNodes
                0x0000000000443418                xmlXPathNodeSetSort
                0x0000000000443514                xmlXPathNodeSetFreeNs
                0x00000000004436cc                xmlXPathNodeSetCreate
                0x0000000000443de0                xmlXPathNodeSetContains
                0x0000000000443edc                xmlXPathNodeSetAddNs
                0x0000000000444064                xmlXPathNodeSetAdd
                0x0000000000444074                xmlXPathNodeSetAddUnique
                0x0000000000444084                xmlXPathNodeSetMerge
                0x00000000004442b8                xmlXPathNodeSetDel
                0x0000000000444398                xmlXPathNodeSetRemove
                0x0000000000444444                xmlXPathFreeNodeSet
                0x00000000004444e8                xmlXPathFreeObject
                0x0000000000444598                xmlXPathFreeCompExpr
                0x00000000004449a0                xmlXPathPopNodeSet
                0x0000000000444a34                xmlXPathPopExternal
                0x0000000000444ad8                xmlXPathNewNodeSet
                0x0000000000444fbc                xmlXPathNewValueTree
                0x0000000000445038                xmlXPathNewNodeSetList
                0x00000000004450d8                xmlXPathWrapNodeSet
                0x0000000000445184                xmlXPathFreeNodeSetList
                0x00000000004451a4                xmlXPathDifference
                0x0000000000445274                xmlXPathIntersection
                0x0000000000445344                xmlXPathHasSameNodes
                0x00000000004453ec                xmlXPathNodeLeadingSorted
                0x00000000004454cc                xmlXPathNodeLeading
                0x00000000004454f8                xmlXPathLeadingSorted
                0x0000000000445528                xmlXPathLeading
                0x00000000004455c0                xmlXPathNodeTrailingSorted
                0x00000000004456b4                xmlXPathNodeTrailing
                0x00000000004456e0                xmlXPathTrailingSorted
                0x0000000000445710                xmlXPathTrailing
                0x00000000004457a8                xmlXPathRegisterFuncNS
                0x0000000000445818                xmlXPathRegisterFunc
                0x0000000000445824                xmlXPathRegisterFuncLookup
                0x0000000000445834                xmlXPathFunctionLookupNS
                0x00000000004458a4                xmlXPathFunctionLookup
                0x00000000004458f8                xmlXPathRegisteredFuncsCleanup
                0x0000000000445928                xmlXPathRegisterVariableNS
                0x00000000004459a8                xmlXPathRegisterVariable
                0x00000000004459b4                xmlXPathRegisterVariableLookup
                0x00000000004459c4                xmlXPathRegisteredVariablesCleanup
                0x00000000004459f8                xmlXPathRegisterNs
                0x0000000000445aa0                xmlXPathNsLookup
                0x0000000000445b78                xmlXPathRegisteredNsCleanup
                0x0000000000445bac                xmlXPathNewFloat
                0x0000000000445c90                xmlXPathLastFunction
                0x0000000000445d00                xmlXPathPositionFunction
                0x0000000000445d70                xmlXPathCountFunction
                0x0000000000445e84                xmlXPathNewBoolean
                0x0000000000445f80                xmlXPathTrueFunction
                0x0000000000445fd4                xmlXPathFalseFunction
                0x0000000000446024                xmlXPathNewString
                0x0000000000446160                xmlXPathWrapString
                0x0000000000446244                xmlXPathNewCString
                0x0000000000446370                xmlXPathNamespaceURIFunction
                0x0000000000446484                xmlXPathLocalNameFunction
                0x000000000044675c                xmlXPathWrapCString
                0x0000000000446760                xmlXPathWrapExternal
                0x00000000004467c8                xmlXPathObjectCopy
                0x00000000004469f8                xmlXPathVariableLookupNS
                0x0000000000446a74                xmlXPathVariableLookup
                0x0000000000446aac                xmlXPathCastBooleanToString
                0x0000000000446ac8                xmlXPathCastNumberToString
                0x0000000000446da8                xmlXPathCastNodeToString
                0x0000000000446dd0                xmlXPathDistinctSorted
                0x0000000000446f10                xmlXPathDistinct
                0x0000000000446f5c                xmlXPathCastNodeSetToString
                0x00000000004470b8                xmlXPathIdFunction
                0x000000000044725c                xmlXPathStringFunction
                0x0000000000447300                xmlXPathStringLengthFunction
                0x0000000000447444                xmlXPathConcatFunction
                0x0000000000447594                xmlXPathContainsFunction
                0x00000000004476fc                xmlXPathStartsWithFunction
                0x0000000000447874                xmlXPathSubstringBeforeFunction
                0x000000000044799c                xmlXPathSubstringAfterFunction
                0x0000000000447aec                xmlXPathNormalizeFunction
                0x0000000000447cdc                xmlXPathTranslateFunction
                0x0000000000447f0c                xmlXPathLangFunction
                0x0000000000448090                xmlXPathCastToString
                0x0000000000448150                xmlXPathPopString
                0x00000000004481e0                xmlXPathConvertString
                0x00000000004482bc                xmlXPathCastBooleanToNumber
                0x00000000004482d0                xmlXPathCastNumberToBoolean
                0x0000000000448308                xmlXPathCastStringToBoolean
                0x0000000000448330                xmlXPathCastNodeSetToBoolean
                0x0000000000448344                xmlXPathCastToBoolean
                0x0000000000448474                xmlXPathPopBoolean
                0x0000000000448778                xmlXPathBooleanFunction
                0x000000000044882c                xmlXPathNotFunction
                0x00000000004488b4                xmlXPathConvertBoolean
                0x0000000000448908                xmlXPathFreeContext
                0x0000000000448980                xmlXPathNewParserContext
                0x0000000000448a54                xmlXPathFreeParserContext
                0x0000000000448ab4                xmlXPathNextPreceding
                0x0000000000448b94                xmlXPathRoot
                0x0000000000448be0                xmlXPathParseNCName
                0x0000000000448d58                xmlXPathParseName
                0x0000000000448e38                xmlXPathStringEvalNumber
                0x0000000000449148                xmlXPathCastStringToNumber
                0x000000000044914c                xmlXPathCastNodeToNumber
                0x00000000004493c0                xmlXPathSumFunction
                0x00000000004494d4                xmlXPathCastNodeSetToNumber
                0x0000000000449528                xmlXPathCastToNumber
                0x00000000004495f0                xmlXPathPopNumber
                0x0000000000449678                xmlXPathConvertNumber
                0x00000000004496d0                xmlXPathNumberFunction
                0x0000000000449c58                xmlXPathEqualValues
                0x0000000000449e74                xmlXPathNotEqualValues
                0x000000000044a098                xmlXPathCompareValues
                0x000000000044a6dc                xmlXPathValueFlipSign
                0x000000000044a7ec                xmlXPathAddValues
                0x000000000044a8a0                xmlXPathSubValues
                0x000000000044a954                xmlXPathMultValues
                0x000000000044aa08                xmlXPathDivValues
                0x000000000044ab7c                xmlXPathModValues
                0x000000000044ac58                xmlXPathSubstringFunction
                0x000000000044af1c                xmlXPathFloorFunction
                0x000000000044afe8                xmlXPathCeilingFunction
                0x000000000044b0d0                xmlXPathRoundFunction
                0x000000000044ead0                xmlXPathIsNodeType
                0x00000000004516e8                xmlXPathEvalPredicate
                0x00000000004517d4                xmlXPathEvaluatePredicateResult
                0x00000000004517e8                xmlXPathCtxtCompile
                0x0000000000451910                xmlXPathCompile
                0x000000000045191c                xmlXPathCompiledEval
                0x0000000000451940                xmlXPathCompiledEvalToBoolean
                0x000000000045194c                xmlXPathEvalExpr
                0x0000000000451a40                xmlXPathEval
                0x0000000000451c08                xmlXPathEvalExpression
                0x0000000000451d88                xmlXPathRegisterAllFunctions
                0x00000000004520b0                xmlXPathNewContext
 .text          0x0000000000452150     0x3698 lib/libxml2.a(xpointer.o)
                0x0000000000452818                xmlXPtrNewRange
                0x00000000004528d0                xmlXPtrNewRangePoints
                0x00000000004529a0                xmlXPtrNewRangePointNode
                0x0000000000452a50                xmlXPtrNewRangeNodePoint
                0x0000000000452b1c                xmlXPtrNewRangeNodes
                0x0000000000452bb8                xmlXPtrNewCollapsedRange
                0x0000000000452c34                xmlXPtrNewRangeNodeObject
                0x0000000000452da4                xmlXPtrLocationSetCreate
                0x0000000000452e84                xmlXPtrLocationSetAdd
                0x0000000000452e94                xmlXPtrLocationSetMerge
                0x0000000000452f14                xmlXPtrLocationSetDel
                0x0000000000452fb4                xmlXPtrLocationSetRemove
                0x0000000000453018                xmlXPtrFreeLocationSet
                0x0000000000453098                xmlXPtrNewLocationSetNodes
                0x0000000000453134                xmlXPtrHereFunction
                0x00000000004531a4                xmlXPtrOriginFunction
                0x0000000000453214                xmlXPtrNewLocationSetNodeSet
                0x00000000004532f4                xmlXPtrWrapLocationSet
                0x000000000045335c                xmlXPtrStartPointFunction
                0x0000000000453514                xmlXPtrEndPointFunction
                0x00000000004536d0                xmlXPtrRangeFunction
                0x0000000000453990                xmlXPtrRangeInsideFunction
                0x0000000000453c58                xmlXPtrRangeToFunction
                0x0000000000453e2c                xmlXPtrNewContext
                0x0000000000453f30                xmlXPtrEval
                0x0000000000454674                xmlXPtrAdvanceNode
                0x0000000000454774                xmlXPtrBuildNodeList
                0x0000000000454ed8                xmlXPtrStringRangeFunction
                0x00000000004554f4                xmlXPtrEvalRangePredicate
 .text          0x00000000004557e8     0x1fa0 lib/libxml2.a(nanohttp.o)
                0x0000000000456698                xmlNanoHTTPCleanup
                0x00000000004566d4                xmlNanoHTTPScanProxy
                0x0000000000456850                xmlNanoHTTPInit
                0x0000000000456864                xmlNanoHTTPRead
                0x0000000000456918                xmlNanoHTTPClose
                0x0000000000456924                xmlNanoHTTPMethodRedir
                0x0000000000457528                xmlNanoHTTPOpenRedir
                0x0000000000457554                xmlNanoHTTPOpen
                0x0000000000457578                xmlNanoHTTPMethod
                0x0000000000457588                xmlNanoHTTPFetch
                0x0000000000457674                xmlNanoHTTPSave
                0x0000000000457730                xmlNanoHTTPReturnCode
                0x0000000000457744                xmlNanoHTTPAuthHeader
                0x0000000000457750                xmlNanoHTTPContentLength
                0x0000000000457764                xmlNanoHTTPRedir
                0x0000000000457770                xmlNanoHTTPEncoding
                0x000000000045777c                xmlNanoHTTPMimeType
 .text          0x0000000000457788     0x26d8 lib/libxml2.a(nanoftp.o)
                0x0000000000457b50                xmlNanoFTPCleanup
                0x0000000000457bc4                xmlNanoFTPProxy
                0x0000000000457cb8                xmlNanoFTPUpdateURL
                0x0000000000457dcc                xmlNanoFTPScanProxy
                0x0000000000457ed0                xmlNanoFTPInit
                0x0000000000457fb0                xmlNanoFTPNewCtxt
                0x0000000000458098                xmlNanoFTPFreeCtxt
                0x000000000045811c                xmlNanoFTPGetResponse
                0x0000000000458120                xmlNanoFTPCheckResponse
                0x00000000004581f8                xmlNanoFTPQuit
                0x0000000000458284                xmlNanoFTPConnect
                0x0000000000458978                xmlNanoFTPConnectTo
                0x00000000004589fc                xmlNanoFTPCwd
                0x0000000000458abc                xmlNanoFTPDele
                0x0000000000458b7c                xmlNanoFTPGetConnection
                0x0000000000458fec                xmlNanoFTPCloseConnection
                0x0000000000459120                xmlNanoFTPList
                0x0000000000459990                xmlNanoFTPGetSocket
                0x0000000000459af8                xmlNanoFTPGet
                0x0000000000459cd8                xmlNanoFTPRead
                0x0000000000459d74                xmlNanoFTPOpen
                0x0000000000459df8                xmlNanoFTPClose
 .text          0x0000000000459e60     0x4f9c lib/libxml2.a(catalog.o)
                0x000000000045c064                xmlFreeCatalog
                0x000000000045c0c0                xmlConvertSGMLCatalog
                0x000000000045c144                xmlParseCatalogFile
                0x000000000045d300                xmlLoadSGMLSuperCatalog
                0x000000000045d39c                xmlLoadACatalog
                0x000000000045d4d4                xmlACatalogResolveSystem
                0x000000000045d57c                xmlACatalogResolvePublic
                0x000000000045d624                xmlACatalogResolve
                0x000000000045d768                xmlACatalogResolveURI
                0x000000000045d814                xmlACatalogDump
                0x000000000045d960                xmlACatalogAdd
                0x000000000045de04                xmlACatalogRemove
                0x000000000045df44                xmlNewCatalog
                0x000000000045dfac                xmlCatalogIsEmpty
                0x000000000045e020                xmlInitializeCatalog
                0x000000000045e220                xmlLoadCatalog
                0x000000000045e2c4                xmlLoadCatalogs
                0x000000000045e3fc                xmlCatalogCleanup
                0x000000000045e4a8                xmlCatalogResolveSystem
                0x000000000045e4e8                xmlCatalogResolvePublic
                0x000000000045e528                xmlCatalogResolve
                0x000000000045e574                xmlCatalogResolveURI
                0x000000000045e5b4                xmlCatalogDump
                0x000000000045e618                xmlCatalogAdd
                0x000000000045e700                xmlCatalogRemove
                0x000000000045e758                xmlCatalogConvert
                0x000000000045e7a8                xmlCatalogGetDefaults
                0x000000000045e7b4                xmlCatalogSetDefaults
                0x000000000045e8c4                xmlCatalogSetDefaultPrefer
                0x000000000045e958                xmlCatalogSetDebug
                0x000000000045e970                xmlCatalogFreeLocal
                0x000000000045e9b8                xmlCatalogAddLocal
                0x000000000045ea6c                xmlCatalogLocalResolve
                0x000000000045eb6c                xmlCatalogLocalResolveURI
                0x000000000045ec0c                xmlCatalogGetSystem
                0x000000000045ed04                xmlCatalogGetPublic
 .text          0x000000000045edfc      0xd48 lib/libxml2.a(globals.o)
                0x000000000045edfc                xmlInitGlobals
                0x000000000045ee18                xmlCleanupGlobals
                0x000000000045ee44                xmlInitializeGlobalState
                0x000000000045efe0                xmlThrDefSetGenericErrorFunc
                0x000000000045f054                xmlThrDefSetStructuredErrorFunc
                0x000000000045f09c                xmlRegisterNodeDefault
                0x000000000045f0c0                xmlThrDefRegisterNodeDefault
                0x000000000045f114                xmlDeregisterNodeDefault
                0x000000000045f138                xmlThrDefDeregisterNodeDefault
                0x000000000045f18c                xmlThrDefParserInputBufferCreateFilenameDefault
                0x000000000045f1e8                xmlThrDefOutputBufferCreateFilenameDefault
                0x000000000045f244                __docbDefaultSAXHandler
                0x000000000045f278                __htmlDefaultSAXHandler
                0x000000000045f2ac                __xmlLastError
                0x000000000045f2dc                __oldXMLWDcompatibility
                0x000000000045f310                __xmlBufferAllocScheme
                0x000000000045f344                xmlThrDefBufferAllocScheme
                0x000000000045f384                __xmlDefaultBufferSize
                0x000000000045f3b8                xmlThrDefDefaultBufferSize
                0x000000000045f3fc                __xmlDefaultSAXHandler
                0x000000000045f430                __xmlDefaultSAXLocator
                0x000000000045f464                __xmlDoValidityCheckingDefaultValue
                0x000000000045f498                xmlThrDefDoValidityCheckingDefaultValue
                0x000000000045f4e0                __xmlGenericError
                0x000000000045f514                __xmlStructuredError
                0x000000000045f548                __xmlGenericErrorContext
                0x000000000045f57c                __xmlGetWarningsDefaultValue
                0x000000000045f5b0                xmlThrDefGetWarningsDefaultValue
                0x000000000045f5f4                __xmlIndentTreeOutput
                0x000000000045f628                xmlThrDefIndentTreeOutput
                0x000000000045f66c                __xmlTreeIndentString
                0x000000000045f6a0                xmlThrDefTreeIndentString
                0x000000000045f6e4                __xmlKeepBlanksDefaultValue
                0x000000000045f718                xmlThrDefKeepBlanksDefaultValue
                0x000000000045f75c                __xmlLineNumbersDefaultValue
                0x000000000045f790                xmlThrDefLineNumbersDefaultValue
                0x000000000045f7d8                __xmlLoadExtDtdDefaultValue
                0x000000000045f80c                xmlThrDefLoadExtDtdDefaultValue
                0x000000000045f854                __xmlParserDebugEntities
                0x000000000045f888                xmlThrDefParserDebugEntities
                0x000000000045f8d0                __xmlParserVersion
                0x000000000045f900                __xmlPedanticParserDefaultValue
                0x000000000045f934                xmlThrDefPedanticParserDefaultValue
                0x000000000045f97c                __xmlSaveNoEmptyTags
                0x000000000045f9b0                xmlThrDefSaveNoEmptyTags
                0x000000000045f9f8                __xmlSubstituteEntitiesDefaultValue
                0x000000000045fa2c                xmlThrDefSubstituteEntitiesDefaultValue
                0x000000000045fa74                __xmlRegisterNodeDefaultValue
                0x000000000045faa8                __xmlDeregisterNodeDefaultValue
                0x000000000045fadc                __xmlParserInputBufferCreateFilenameValue
                0x000000000045fb10                __xmlOutputBufferCreateFilenameValue
 *fill*         0x000000000045fb44        0x4 00000000
 .text          0x000000000045fb48      0x710 lib/libxml2.a(threads.o)
                0x000000000045fcbc                xmlNewMutex
                0x000000000045fd0c                xmlFreeMutex
                0x000000000045fd5c                xmlMutexLock
                0x000000000045fd74                xmlMutexUnlock
                0x000000000045fd8c                xmlNewRMutex
                0x000000000045fdf0                xmlFreeRMutex
                0x000000000045fe48                xmlRMutexLock
                0x000000000045fe60                xmlRMutexUnlock
                0x000000000045fe78                __xmlGlobalInitMutexLock
                0x000000000045fe88                __xmlGlobalInitMutexUnlock
                0x000000000045fe98                xmlGetGlobalState
                0x000000000045ff38                xmlGetThreadId
                0x000000000045ff58                xmlIsMainThread
                0x00000000004600f8                xmlLockLibrary
                0x00000000004600fc                xmlUnlockLibrary
                0x0000000000460100                xmlInitThreads
                0x0000000000460250                xmlCleanupThreads
 .text          0x0000000000460258      0xf78 lib/libxml2.a(xmlstring.o)
                0x0000000000460258                xmlStrndup
                0x00000000004602e0                xmlStrdup
                0x000000000046030c                xmlCharStrndup
                0x00000000004603d0                xmlCharStrdup
                0x00000000004603fc                xmlStrcmp
                0x000000000046044c                xmlStrEqual
                0x000000000046048c                xmlStrQEqual
                0x0000000000460548                xmlStrncmp
                0x0000000000460580                xmlStrcasecmp
                0x00000000004605e0                xmlStrncasecmp
                0x000000000046065c                xmlStrchr
                0x0000000000460690                xmlStrstr
                0x0000000000460728                xmlStrcasestr
                0x00000000004607e0                xmlStrsub
                0x0000000000460840                xmlStrlen
                0x0000000000460874                xmlStrncat
                0x0000000000460960                xmlStrncatNew
                0x0000000000460a88                xmlStrcat
                0x0000000000460ac8                xmlStrPrintf
                0x0000000000460b84                xmlStrVPrintf
                0x0000000000460be8                xmlUTF8Size
                0x0000000000460c28                xmlUTF8Charcmp
                0x0000000000460c70                xmlUTF8Strlen
                0x0000000000460d1c                xmlGetUTF8Char
                0x0000000000460e54                xmlCheckUTF8
                0x0000000000460f34                xmlUTF8Strsize
                0x0000000000460f8c                xmlUTF8Strndup
                0x0000000000461044                xmlUTF8Strpos
                0x0000000000461098                xmlUTF8Strloc
                0x0000000000461160                xmlUTF8Strsub
 .text          0x00000000004611d0     0xa774 lib/libxml2.a(xmlregexp.o)
                0x0000000000466bb4                xmlRegNewExecCtxt
                0x0000000000466d28                xmlRegFreeExecCtxt
                0x0000000000466e40                xmlRegExecPushString
                0x0000000000466e48                xmlRegExecPushString2
                0x0000000000466fd4                xmlRegExecNextValues
                0x0000000000466fec                xmlRegExecErrInfo
                0x0000000000467020                xmlRegexpPrint
                0x0000000000467754                xmlRegexpExec
                0x0000000000467d88                xmlRegFreeRegexp
                0x0000000000467ed0                xmlNewAutomata
                0x0000000000467f6c                xmlRegexpIsDeterminist
                0x00000000004687b0                xmlRegexpCompile
                0x000000000046889c                xmlFreeAutomata
                0x00000000004688a8                xmlAutomataGetInitState
                0x00000000004688b4                xmlAutomataSetFinalState
                0x00000000004688d8                xmlAutomataNewTransition
                0x0000000000468998                xmlAutomataNewTransition2
                0x0000000000468b10                xmlAutomataNewNegTrans
                0x0000000000468cc8                xmlAutomataNewCountTrans2
                0x0000000000468f1c                xmlAutomataNewCountTrans
                0x00000000004690c8                xmlAutomataNewOnceTrans2
[...]
 .debug_info    0x00000000000c4335      0x851 lib/libxml2.a(chvalid.o)
 .debug_info    0x00000000000c4b86     0x4006 lib/libxml2.a(pattern.o)
 .debug_info    0x00000000000c8b8c     0x65e0 lib/libxml2.a(xmlsave.o)
 .debug_info    0x00000000000cf16c     0x12ef lib/libxml2.a(SAX.o)
 .debug_info    0x00000000000d045b     0x3a06 lib/libxml2.a(entities.o)
 .debug_info    0x00000000000d3e61     0x5d02 lib/libxml2.a(encoding.o)
 .debug_info    0x00000000000d9b63     0x4e52 lib/libxml2.a(error.o)
 .debug_info    0x00000000000de9b5     0x5a9b lib/libxml2.a(parserInternals.o)
 .debug_info    0x00000000000e4450     0x1413 lib/libxml2.a(list.o)
 .debug_info    0x00000000000e5863     0xa660 lib/libxml2.a(debugXML.o)
 .debug_info    0x00000000000efec3    0x3102c lib/libxml2.a(xmlschemas.o)
 .debug_info    0x0000000000120eef     0x88be lib/libxml2.a(xmlreader.o)
 .debug_info    0x00000000001297ad     0x788c lib/libxml2.a(xinclude.o)

.debug_abbrev   0x0000000000000000     0xa9f0
 *(.debug_abbrev)
 .debug_abbrev  0x0000000000000000      0x212 out/Adu/obj/lib/test/b.o
 .debug_abbrev  0x0000000000000212      0x5db lib/libxml2.a(parser.o)
 .debug_abbrev  0x00000000000007ed      0x682 lib/libxml2.a(tree.o)
 .debug_abbrev  0x0000000000000e6f      0x327 lib/libxml2.a(hash.o)
 .debug_abbrev  0x0000000000001196      0x593 lib/libxml2.a(xmlIO.o)
 .debug_abbrev  0x0000000000001729      0x35d lib/libxml2.a(xmlmemory.o)
 .debug_abbrev  0x0000000000001a86      0x437 lib/libxml2.a(uri.o)
 .debug_abbrev  0x0000000000001ebd      0x59e lib/libxml2.a(valid.o)
 .debug_abbrev  0x000000000000245b      0x632 lib/libxml2.a(HTMLparser.o)
 .debug_abbrev  0x0000000000002a8d      0x40e lib/libxml2.a(HTMLtree.o)
 .debug_abbrev  0x0000000000002e9b      0x68a lib/libxml2.a(xpath.o)
 .debug_abbrev  0x0000000000003525      0x552 lib/libxml2.a(xpointer.o)
 .debug_abbrev  0x0000000000003a77      0x579 lib/libxml2.a(nanohttp.o)
 .debug_abbrev  0x0000000000003ff0      0x4f9 lib/libxml2.a(nanoftp.o)
 .debug_abbrev  0x00000000000044e9      0x585 lib/libxml2.a(catalog.o)
 .debug_abbrev  0x0000000000004a6e      0x298 lib/libxml2.a(globals.o)
 .debug_abbrev  0x0000000000004d06      0x42f lib/libxml2.a(threads.o)
 .debug_abbrev  0x0000000000005135      0x426 lib/libxml2.a(xmlstring.o)
 .debug_abbrev  0x000000000000555b      0x5a3 lib/libxml2.a(xmlregexp.o)
 .debug_abbrev  0x0000000000005afe      0x54a lib/libxml2.a(xmlschemastypes.o)
 .debug_abbrev  0x0000000000006048      0x231 lib/libxml2.a(xmlunicode.o)
 .debug_abbrev  0x0000000000006279      0x533 lib/libxml2.a(relaxng.o)
 .debug_abbrev  0x00000000000067ac      0x3bc lib/libxml2.a(dict.o)
 .debug_abbrev  0x0000000000006b68      0x548 lib/libxml2.a(SAX2.o)
 .debug_abbrev  0x00000000000070b0      0x1c5 lib/libxml2.a(chvalid.o)
 .debug_abbrev  0x0000000000007275      0x4ad lib/libxml2.a(pattern.o)
 .debug_abbrev  0x0000000000007722      0x548 lib/libxml2.a(xmlsave.o)
 .debug_abbrev  0x0000000000007c6a      0x15a lib/libxml2.a(SAX.o)
 .debug_abbrev  0x0000000000007dc4      0x462 lib/libxml2.a(entities.o)
 .debug_abbrev  0x0000000000008226      0x516 lib/libxml2.a(encoding.o)
 .debug_abbrev  0x000000000000873c      0x40d lib/libxml2.a(error.o)
 .debug_abbrev  0x0000000000008b49      0x569 lib/libxml2.a(parserInternals.o)
 .debug_abbrev  0x00000000000090b2      0x356 lib/libxml2.a(list.o)
 .debug_abbrev  0x0000000000009408      0x54a lib/libxml2.a(debugXML.o)
 .debug_abbrev  0x0000000000009952      0x5b1 lib/libxml2.a(xmlschemas.o)
 .debug_abbrev  0x0000000000009f03      0x5e9 lib/libxml2.a(xmlreader.o)
 .debug_abbrev  0x000000000000a4ec      0x504 lib/libxml2.a(xinclude.o)

.debug_line     0x0000000000000000    0x2cff4
 *(.debug_line .debug_line.* .debug_line_end)
 .debug_line    0x0000000000000000      0x2d2 out/Adu/obj/lib/test/b.o
 .debug_line    0x00000000000002d2     0x4f62 lib/libxml2.a(parser.o)
 .debug_line    0x0000000000005234     0x2c60 lib/libxml2.a(tree.o)
 .debug_line    0x0000000000007e94      0x579 lib/libxml2.a(hash.o)
 .debug_line    0x000000000000840d      0xd4a lib/libxml2.a(xmlIO.o)
 .debug_line    0x0000000000009157      0x4a7 lib/libxml2.a(xmlmemory.o)
 .debug_line    0x00000000000095fe      0xd6e lib/libxml2.a(uri.o)
 .debug_line    0x000000000000a36c     0x1f0c lib/libxml2.a(valid.o)
 .debug_line    0x000000000000c278     0x1c20 lib/libxml2.a(HTMLparser.o)
 .debug_line    0x000000000000de98      0x63c lib/libxml2.a(HTMLtree.o)
 .debug_line    0x000000000000e4d4     0x43e9 lib/libxml2.a(xpath.o)
 .debug_line    0x00000000000128bd      0xdb6 lib/libxml2.a(xpointer.o)
 .debug_line    0x0000000000013673      0xa7e lib/libxml2.a(nanohttp.o)
 .debug_line    0x00000000000140f1      0xb23 lib/libxml2.a(nanoftp.o)
 .debug_line    0x0000000000014c14     0x1042 lib/libxml2.a(catalog.o)
 .debug_line    0x0000000000015c56      0x49e lib/libxml2.a(globals.o)
 .debug_line    0x00000000000160f4      0x3db lib/libxml2.a(threads.o)
 .debug_line    0x00000000000164cf      0x5dc lib/libxml2.a(xmlstring.o)
 .debug_line    0x0000000000016aab     0x238c lib/libxml2.a(xmlregexp.o)
 .debug_line    0x0000000000018e37     0x185b lib/libxml2.a(xmlschemastypes.o)
 .debug_line    0x000000000001a692      0x5a5 lib/libxml2.a(xmlunicode.o)
 .debug_line    0x000000000001ac37     0x2c87 lib/libxml2.a(relaxng.o)
 .debug_line    0x000000000001d8be      0x52e lib/libxml2.a(dict.o)
 .debug_line    0x000000000001ddec      0xfe2 lib/libxml2.a(SAX2.o)
 .debug_line    0x000000000001edce      0x2aa lib/libxml2.a(chvalid.o)
 .debug_line    0x000000000001f078      0xbab lib/libxml2.a(pattern.o)
 .debug_line    0x000000000001fc23      0xc85 lib/libxml2.a(xmlsave.o)
 .debug_line    0x00000000000208a8      0x30a lib/libxml2.a(SAX.o)
 .debug_line    0x0000000000020bb2      0x63b lib/libxml2.a(entities.o)
 .debug_line    0x00000000000211ed      0xc57 lib/libxml2.a(encoding.o)
 .debug_line    0x0000000000021e44      0x765 lib/libxml2.a(error.o)
 .debug_line    0x00000000000225a9      0xa46 lib/libxml2.a(parserInternals.o)
 .debug_line    0x0000000000022fef      0x3d1 lib/libxml2.a(list.o)
 .debug_line    0x00000000000233c0      0xfab lib/libxml2.a(debugXML.o)
 .debug_line    0x000000000002436b     0x6b29 lib/libxml2.a(xmlschemas.o)
 .debug_line    0x000000000002ae94     0x16d0 lib/libxml2.a(xmlreader.o)
 .debug_line    0x000000000002c564      0xa90 lib/libxml2.a(xinclude.o)

.debug_frame    0x0000000000000000    0x21fb0
 *(.debug_frame)
 .debug_frame   0x0000000000000000     0x2908 lib/libxml2.a(parser.o)
 .debug_frame   0x0000000000002908     0x27f0 lib/libxml2.a(tree.o)
 .debug_frame   0x00000000000050f8      0x4c0 lib/libxml2.a(hash.o)
 .debug_frame   0x00000000000055b8     0x10b8 lib/libxml2.a(xmlIO.o)
 .debug_frame   0x0000000000006670      0x3c8 lib/libxml2.a(xmlmemory.o)
 .debug_frame   0x0000000000006a38      0x610 lib/libxml2.a(uri.o)
 .debug_frame   0x0000000000007048     0x1b58 lib/libxml2.a(valid.o)
 .debug_frame   0x0000000000008ba0     0x13f8 lib/libxml2.a(HTMLparser.o)
 .debug_frame   0x0000000000009f98      0x488 lib/libxml2.a(HTMLtree.o)
 .debug_frame   0x000000000000a420     0x3c38 lib/libxml2.a(xpath.o)
 .debug_frame   0x000000000000e058      0xc00 lib/libxml2.a(xpointer.o)
 .debug_frame   0x000000000000ec58      0x5e8 lib/libxml2.a(nanohttp.o)
 .debug_frame   0x000000000000f240      0x788 lib/libxml2.a(nanoftp.o)
 .debug_frame   0x000000000000f9c8     0x11e0 lib/libxml2.a(catalog.o)
 .debug_frame   0x0000000000010ba8      0xac8 lib/libxml2.a(globals.o)
 .debug_frame   0x0000000000011670      0x398 lib/libxml2.a(threads.o)
 .debug_frame   0x0000000000011a08      0x530 lib/libxml2.a(xmlstring.o)
 .debug_frame   0x0000000000011f38     0x1db8 lib/libxml2.a(xmlregexp.o)
 .debug_frame   0x0000000000013cf0      0x9e8 lib/libxml2.a(xmlschemastypes.o)
 .debug_frame   0x00000000000146d8     0x1020 lib/libxml2.a(xmlunicode.o)
 .debug_frame   0x00000000000156f8     0x1eb8 lib/libxml2.a(relaxng.o)
 .debug_frame   0x00000000000175b0      0x370 lib/libxml2.a(dict.o)
 .debug_frame   0x0000000000017920      0xab0 lib/libxml2.a(SAX2.o)
 .debug_frame   0x00000000000183d0       0xe8 lib/libxml2.a(chvalid.o)
 .debug_frame   0x00000000000184b8      0x650 lib/libxml2.a(pattern.o)
 .debug_frame   0x0000000000018b08      0xb78 lib/libxml2.a(xmlsave.o)
 .debug_frame   0x0000000000019680       0x58 lib/libxml2.a(SAX.o)
 .debug_frame   0x00000000000196d8      0x490 lib/libxml2.a(entities.o)
 .debug_frame   0x0000000000019b68      0x7c0 lib/libxml2.a(encoding.o)
 .debug_frame   0x000000000001a328      0x550 lib/libxml2.a(error.o)
 .debug_frame   0x000000000001a878      0x8a8 lib/libxml2.a(parserInternals.o)
 .debug_frame   0x000000000001b120      0x648 lib/libxml2.a(list.o)
 .debug_frame   0x000000000001b768      0xc60 lib/libxml2.a(debugXML.o)
 .debug_frame   0x000000000001c3c8     0x3f68 lib/libxml2.a(xmlschemas.o)
 .debug_frame   0x0000000000020330     0x1730 lib/libxml2.a(xmlreader.o)
 .debug_frame   0x0000000000021a60      0x4e8 lib/libxml2.a(xinclude.o)
 .debug_frame   0x0000000000021f48       0x68 /home/wsj/share/code/gcc-linaro-aarch64-linux-gnu-4.9-2014.07_linux/bin/../aarch64-linux-gnu/libc/usr/lib/aarch64-linux-gnu/libc_nonshared.a(elf-init.oS)

.debug_str      0x0000000000000000    0x1d49c
 *(.debug_str)
 .debug_str     0x0000000000000000      0x6bc out/Adu/obj/lib/test/b.o
                                        0x820 (size before relaxing)
 .debug_str     0x00000000000006bc     0x7ba7 lib/libxml2.a(parser.o)
                                       0x84ee (size before relaxing)
 .debug_str     0x0000000000008263     0x112f lib/libxml2.a(tree.o)
                                       0x7b0e (size before relaxing)
 .debug_str     0x0000000000009392      0x22d lib/libxml2.a(hash.o)
                                        0x650 (size before relaxing)
 .debug_str     0x00000000000095bf      0xc2d lib/libxml2.a(xmlIO.o)
                                       0x770e (size before relaxing)
 .debug_str     0x000000000000a1ec      0x29a lib/libxml2.a(xmlmemory.o)
                                        0x65e (size before relaxing)
 .debug_str     0x000000000000a486      0x219 lib/libxml2.a(uri.o)
                                        0x6ae (size before relaxing)
 .debug_str     0x000000000000a69f      0xbb2 lib/libxml2.a(valid.o)
                                       0x76f0 (size before relaxing)
 .debug_str     0x000000000000b251      0xd3c lib/libxml2.a(HTMLparser.o)
                                       0x7b04 (size before relaxing)
 .debug_str     0x000000000000bf8d      0x1d7 lib/libxml2.a(HTMLtree.o)
                                       0x5b9e (size before relaxing)
 .debug_str     0x000000000000c164     0x283f lib/libxml2.a(xpath.o)
                                       0x8494 (size before relaxing)
 .debug_str     0x000000000000e9a3      0x41e lib/libxml2.a(xpointer.o)
                                       0x621d (size before relaxing)
 .debug_str     0x000000000000edc1      0x765 lib/libxml2.a(nanohttp.o)
                                       0x5c9e (size before relaxing)
 .debug_str     0x000000000000f526      0x371 lib/libxml2.a(nanoftp.o)
                                       0x5c32 (size before relaxing)
 .debug_str     0x000000000000f897      0x9e4 lib/libxml2.a(catalog.o)
                                       0x7655 (size before relaxing)
 .debug_str     0x000000000001027b      0x741 lib/libxml2.a(globals.o)
                                       0x1fdd (size before relaxing)
 .debug_str     0x00000000000109bc      0x326 lib/libxml2.a(threads.o)
                                       0x1b66 (size before relaxing)
 .debug_str     0x0000000000010ce2       0xe4 lib/libxml2.a(xmlstring.o)
                                       0x1968 (size before relaxing)
 .debug_str     0x0000000000010dc6     0x1633 lib/libxml2.a(xmlregexp.o)
                                       0x7df2 (size before relaxing)
 .debug_str     0x00000000000123f9     0x1a90 lib/libxml2.a(xmlschemastypes.o)
                                       0x7464 (size before relaxing)
 .debug_str     0x0000000000013e89      0xea2 lib/libxml2.a(xmlunicode.o)
                                       0x13cd (size before relaxing)
 .debug_str     0x0000000000014d2b     0x1b41 lib/libxml2.a(relaxng.o)
                                       0x80b9 (size before relaxing)
 .debug_str     0x000000000001686c      0x150 lib/libxml2.a(dict.o)
                                        0x589 (size before relaxing)
 .debug_str     0x00000000000169bc      0x4be lib/libxml2.a(SAX2.o)
                                       0x74de (size before relaxing)
 .debug_str     0x0000000000016e7a      0x12c lib/libxml2.a(chvalid.o)
                                        0x482 (size before relaxing)
 .debug_str     0x0000000000016fa6      0x35f lib/libxml2.a(pattern.o)
                                       0x1e30 (size before relaxing)
 .debug_str     0x0000000000017305      0x454 lib/libxml2.a(xmlsave.o)
                                       0x6359 (size before relaxing)
 .debug_str     0x0000000000017759        0x6 lib/libxml2.a(SAX.o)
                                        0xfad (size before relaxing)
 .debug_str     0x000000000001775f      0x12b lib/libxml2.a(entities.o)
                                       0x5805 (size before relaxing)
 .debug_str     0x000000000001788a      0x2f2 lib/libxml2.a(encoding.o)
                                       0x6a63 (size before relaxing)
 .debug_str     0x0000000000017b7c      0x187 lib/libxml2.a(error.o)
                                       0x659d (size before relaxing)
 .debug_str     0x0000000000017d03      0x156 lib/libxml2.a(parserInternals.o)
                                       0x6d3f (size before relaxing)
 .debug_str     0x0000000000017e59      0x1e5 lib/libxml2.a(list.o)
                                        0x5ce (size before relaxing)
 .debug_str     0x000000000001803e      0x545 lib/libxml2.a(debugXML.o)
                                       0x6890 (size before relaxing)
 .debug_str     0x0000000000018583     0x38aa lib/libxml2.a(xmlschemas.o)
                                       0xbdad (size before relaxing)
 .debug_str     0x000000000001be2d     0x12ab lib/libxml2.a(xmlreader.o)
                                       0x392f (size before relaxing)
 .debug_str     0x000000000001d0d8      0x3c4 lib/libxml2.a(xinclude.o)
                                       0x73cf (size before relaxing)

.debug_loc      0x0000000000000000   0x17b561
 *(.debug_loc)
 .debug_loc     0x0000000000000000      0x1f5 out/Adu/obj/lib/test/b.o
 .debug_loc     0x00000000000001f5    0x207b5 lib/libxml2.a(parser.o)
 .debug_loc     0x00000000000209aa    0x17e72 lib/libxml2.a(tree.o)
 .debug_loc     0x000000000003881c     0x300a lib/libxml2.a(hash.o)
 .debug_loc     0x000000000003b826     0x7311 lib/libxml2.a(xmlIO.o)
 .debug_loc     0x0000000000042b37     0x111c lib/libxml2.a(xmlmemory.o)
 .debug_loc     0x0000000000043c53     0x5f28 lib/libxml2.a(uri.o)
 .debug_loc     0x0000000000049b7b    0x126b9 lib/libxml2.a(valid.o)
 .debug_loc     0x000000000005c234     0xc419 lib/libxml2.a(HTMLparser.o)
 .debug_loc     0x000000000006864d     0x3187 lib/libxml2.a(HTMLtree.o)
 .debug_loc     0x000000000006b7d4    0x254c6 lib/libxml2.a(xpath.o)
 .debug_loc     0x0000000000090c9a     0x7a73 lib/libxml2.a(xpointer.o)
 .debug_loc     0x000000000009870d     0x3826 lib/libxml2.a(nanohttp.o)
 .debug_loc     0x000000000009bf33     0x43a3 lib/libxml2.a(nanoftp.o)
 .debug_loc     0x00000000000a02d6     0x8dd1 lib/libxml2.a(catalog.o)
 .debug_loc     0x00000000000a90a7      0xbe8 lib/libxml2.a(globals.o)
 .debug_loc     0x00000000000a9c8f      0x591 lib/libxml2.a(threads.o)
 .debug_loc     0x00000000000aa220     0x2e84 lib/libxml2.a(xmlstring.o)
 .debug_loc     0x00000000000ad0a4    0x17068 lib/libxml2.a(xmlregexp.o)
 .debug_loc     0x00000000000c410c     0xf222 lib/libxml2.a(xmlschemastypes.o)
 .debug_loc     0x00000000000d332e     0x3d86 lib/libxml2.a(xmlunicode.o)
 .debug_loc     0x00000000000d70b4    0x1b3a0 lib/libxml2.a(relaxng.o)
 .debug_loc     0x00000000000f2454     0x1e76 lib/libxml2.a(dict.o)
 .debug_loc     0x00000000000f42ca     0x7580 lib/libxml2.a(SAX2.o)
 .debug_loc     0x00000000000fb84a      0x64e lib/libxml2.a(chvalid.o)
 .debug_loc     0x00000000000fbe98     0x472e lib/libxml2.a(pattern.o)
 .debug_loc     0x00000000001005c6     0x6302 lib/libxml2.a(xmlsave.o)
 .debug_loc     0x00000000001068c8       0x4c lib/libxml2.a(SAX.o)
 .debug_loc     0x0000000000106914     0x2f21 lib/libxml2.a(entities.o)
 .debug_loc     0x0000000000109835     0x5486 lib/libxml2.a(encoding.o)
 .debug_loc     0x000000000010ecbb     0x4373 lib/libxml2.a(error.o)
 .debug_loc     0x000000000011302e     0x3654 lib/libxml2.a(parserInternals.o)
 .debug_loc     0x0000000000116682     0x1a2c lib/libxml2.a(list.o)
 .debug_loc     0x00000000001180ae     0xa058 lib/libxml2.a(debugXML.o)
 .debug_loc     0x0000000000122106    0x4875a lib/libxml2.a(xmlschemas.o)
 .debug_loc     0x000000000016a860     0x9eea lib/libxml2.a(xmlreader.o)
 .debug_loc     0x000000000017474a     0x6e17 lib/libxml2.a(xinclude.o)

.debug_macinfo
 *(.debug_macinfo)

.debug_weaknames
 *(.debug_weaknames)

.debug_funcnames
 *(.debug_funcnames)

.debug_typenames
 *(.debug_typenames)

.debug_varnames
 *(.debug_varnames)

.debug_pubtypes
 *(.debug_pubtypes)

.debug_ranges   0x0000000000000000    0x190f0
 *(.debug_ranges)
 .debug_ranges  0x0000000000000000       0xc0 out/Adu/obj/lib/test/b.o
 .debug_ranges  0x00000000000000c0     0x2150 lib/libxml2.a(parser.o)
 .debug_ranges  0x0000000000002210     0x11d0 lib/libxml2.a(tree.o)
 .debug_ranges  0x00000000000033e0       0x80 lib/libxml2.a(hash.o)
 .debug_ranges  0x0000000000003460      0x370 lib/libxml2.a(xmlIO.o)
 .debug_ranges  0x00000000000037d0      0x5e0 lib/libxml2.a(uri.o)
 .debug_ranges  0x0000000000003db0      0xe30 lib/libxml2.a(valid.o)
 .debug_ranges  0x0000000000004be0      0xd00 lib/libxml2.a(HTMLparser.o)
 .debug_ranges  0x00000000000058e0      0x330 lib/libxml2.a(HTMLtree.o)
 .debug_ranges  0x0000000000005c10     0x2e70 lib/libxml2.a(xpath.o)
 .debug_ranges  0x0000000000008a80      0xbb0 lib/libxml2.a(xpointer.o)
 .debug_ranges  0x0000000000009630      0x3a0 lib/libxml2.a(nanohttp.o)
 .debug_ranges  0x00000000000099d0      0x3f0 lib/libxml2.a(nanoftp.o)
 .debug_ranges  0x0000000000009dc0      0x7e0 lib/libxml2.a(catalog.o)
 .debug_ranges  0x000000000000a5a0       0x60 lib/libxml2.a(threads.o)
 .debug_ranges  0x000000000000a600       0x80 lib/libxml2.a(xmlstring.o)
 .debug_ranges  0x000000000000a680     0x15b0 lib/libxml2.a(xmlregexp.o)
 .debug_ranges  0x000000000000bc30     0x1500 lib/libxml2.a(xmlschemastypes.o)
 .debug_ranges  0x000000000000d130       0x30 lib/libxml2.a(xmlunicode.o)
 .debug_ranges  0x000000000000d160     0x1c10 lib/libxml2.a(relaxng.o)
 .debug_ranges  0x000000000000ed70      0x130 lib/libxml2.a(dict.o)
 .debug_ranges  0x000000000000eea0      0x5d0 lib/libxml2.a(SAX2.o)
 .debug_ranges  0x000000000000f470      0x470 lib/libxml2.a(pattern.o)
 .debug_ranges  0x000000000000f8e0      0x2d0 lib/libxml2.a(xmlsave.o)
 .debug_ranges  0x000000000000fbb0      0x230 lib/libxml2.a(entities.o)
 .debug_ranges  0x000000000000fde0      0x540 lib/libxml2.a(encoding.o)
 .debug_ranges  0x0000000000010320      0x1a0 lib/libxml2.a(error.o)
 .debug_ranges  0x00000000000104c0      0x2e0 lib/libxml2.a(parserInternals.o)
 .debug_ranges  0x00000000000107a0      0xbe0 lib/libxml2.a(debugXML.o)
 .debug_ranges  0x0000000000011380     0x6e80 lib/libxml2.a(xmlschemas.o)
 .debug_ranges  0x0000000000018200      0x490 lib/libxml2.a(xmlreader.o)
 .debug_ranges  0x0000000000018690      0xa60 lib/libxml2.a(xinclude.o)

.debug_macro
 *(.debug_macro)

.ARM.attributes
 *(.ARM.attributes)
 *(.gnu.attributes)

.note.gnu.arm.ident
 *(.note.gnu.arm.ident)

/DISCARD/
 *(.note.GNU-stack)
 *(.gnu_debuglink)
 *(.gnu.lto_*)
OUTPUT(out/Adu/bin/adu.elf elf64-littleaarch64)
